../modules/rtc/DS1307.c:43:12:DS1307setDateTime	48	static
../modules/rtc/DS1307.c:68:6:setDateTimeFromInt	48	static
../modules/rtc/DS1307.c:120:12:setDateTime	48	static
../modules/rtc/DS1307.c:156:6:dateFormat	40	static
../modules/rtc/DS1307.c:281:14:getDateTime	72	static
../modules/rtc/DS1307.c:338:9:isReady	16	static
../modules/rtc/DS1307.c:353:9:readByte	24	static
../modules/rtc/DS1307.c:362:9:writeByte	24	static
../modules/rtc/DS1307.c:371:6:readPacket	32	static
../modules/rtc/DS1307.c:378:6:writePacket	32	static
../modules/rtc/DS1307.c:385:6:readMemory	16	static
../modules/rtc/DS1307.c:402:6:writeMemory	16	static
../modules/rtc/DS1307.c:419:6:clearMemory	16	static
../modules/rtc/DS1307.c:427:6:setOutputMode	16	static
../modules/rtc/DS1307.c:432:6:setOutput	16	static
../modules/rtc/DS1307.c:443:17:getOutput	16	static
../modules/rtc/DS1307.c:450:9:bcd2dec	16	static
../modules/rtc/DS1307.c:455:9:dec2bcd	16	static
../modules/rtc/DS1307.c:460:7:strDayOfWeek	16	static
../modules/rtc/DS1307.c:489:7:strMonth	16	static
../modules/rtc/DS1307.c:533:7:strAmPm	16	static
../modules/rtc/DS1307.c:556:7:strDaySufix	16	static
../modules/rtc/DS1307.c:574:9:hour12	16	static
../modules/rtc/DS1307.c:589:6:time2long	16	static
../modules/rtc/DS1307.c:594:10:dayInYear	24	static
../modules/rtc/DS1307.c:605:9:isLeapYear	16	static
../modules/rtc/DS1307.c:610:9:daysInMonth	24	static
../modules/rtc/DS1307.c:624:10:date2days	24	static
../modules/rtc/DS1307.c:643:10:unixtime	16	static
../modules/rtc/DS1307.c:653:9:conv2d	24	static
../modules/rtc/DS1307.c:665:9:dow	24	static
../modules/rtc/DS1307.c:680:7:writeRegister8	32	static
../modules/rtc/DS1307.c:688:9:readRegister8	32	static
../modules/rtc/DS1307.c:698:6:DS1307Init	16	static
../modules/rtc/DS1307.c:711:9:DS1307GetCHbit	16	static
