Archive member included to satisfy reference by file (symbol)

C:/ST/STM32CubeIDE_1.12.1/STM32CubeIDE/plugins/com.st.stm32cube.ide.mcu.externaltools.gnu-tools-for-stm32.12.3.rel1.win32_1.0.200.202406191623/tools/bin/../lib/gcc/arm-none-eabi/12.3.1/../../../../arm-none-eabi/lib/thumb/v7e-m+fp/hard\libc_nano.a(libc_a-atoi.o)
                              ./modules/command/cli.o (atoi)
C:/ST/STM32CubeIDE_1.12.1/STM32CubeIDE/plugins/com.st.stm32cube.ide.mcu.externaltools.gnu-tools-for-stm32.12.3.rel1.win32_1.0.200.202406191623/tools/bin/../lib/gcc/arm-none-eabi/12.3.1/../../../../arm-none-eabi/lib/thumb/v7e-m+fp/hard\libc_nano.a(libc_a-exit.o)
                              C:/ST/STM32CubeIDE_1.12.1/STM32CubeIDE/plugins/com.st.stm32cube.ide.mcu.externaltools.gnu-tools-for-stm32.12.3.rel1.win32_1.0.200.202406191623/tools/bin/../lib/gcc/arm-none-eabi/12.3.1/../../../../arm-none-eabi/lib/thumb/v7e-m+fp/hard/crt0.o (exit)
C:/ST/STM32CubeIDE_1.12.1/STM32CubeIDE/plugins/com.st.stm32cube.ide.mcu.externaltools.gnu-tools-for-stm32.12.3.rel1.win32_1.0.200.202406191623/tools/bin/../lib/gcc/arm-none-eabi/12.3.1/../../../../arm-none-eabi/lib/thumb/v7e-m+fp/hard\libc_nano.a(libc_a-strtol.o)
                              C:/ST/STM32CubeIDE_1.12.1/STM32CubeIDE/plugins/com.st.stm32cube.ide.mcu.externaltools.gnu-tools-for-stm32.12.3.rel1.win32_1.0.200.202406191623/tools/bin/../lib/gcc/arm-none-eabi/12.3.1/../../../../arm-none-eabi/lib/thumb/v7e-m+fp/hard\libc_nano.a(libc_a-atoi.o) (_strtol_r)
C:/ST/STM32CubeIDE_1.12.1/STM32CubeIDE/plugins/com.st.stm32cube.ide.mcu.externaltools.gnu-tools-for-stm32.12.3.rel1.win32_1.0.200.202406191623/tools/bin/../lib/gcc/arm-none-eabi/12.3.1/../../../../arm-none-eabi/lib/thumb/v7e-m+fp/hard\libc_nano.a(libc_a-ctype_.o)
                              C:/ST/STM32CubeIDE_1.12.1/STM32CubeIDE/plugins/com.st.stm32cube.ide.mcu.externaltools.gnu-tools-for-stm32.12.3.rel1.win32_1.0.200.202406191623/tools/bin/../lib/gcc/arm-none-eabi/12.3.1/../../../../arm-none-eabi/lib/thumb/v7e-m+fp/hard\libc_nano.a(libc_a-strtol.o) (_ctype_)
C:/ST/STM32CubeIDE_1.12.1/STM32CubeIDE/plugins/com.st.stm32cube.ide.mcu.externaltools.gnu-tools-for-stm32.12.3.rel1.win32_1.0.200.202406191623/tools/bin/../lib/gcc/arm-none-eabi/12.3.1/../../../../arm-none-eabi/lib/thumb/v7e-m+fp/hard\libc_nano.a(libc_a-fflush.o)
                              ./modules/command/cli.o (fflush)
C:/ST/STM32CubeIDE_1.12.1/STM32CubeIDE/plugins/com.st.stm32cube.ide.mcu.externaltools.gnu-tools-for-stm32.12.3.rel1.win32_1.0.200.202406191623/tools/bin/../lib/gcc/arm-none-eabi/12.3.1/../../../../arm-none-eabi/lib/thumb/v7e-m+fp/hard\libc_nano.a(libc_a-findfp.o)
                              ./Middlewares/Third_Party/FreeRTOS/Source/tasks.o (__sf)
C:/ST/STM32CubeIDE_1.12.1/STM32CubeIDE/plugins/com.st.stm32cube.ide.mcu.externaltools.gnu-tools-for-stm32.12.3.rel1.win32_1.0.200.202406191623/tools/bin/../lib/gcc/arm-none-eabi/12.3.1/../../../../arm-none-eabi/lib/thumb/v7e-m+fp/hard\libc_nano.a(libc_a-fwalk.o)
                              C:/ST/STM32CubeIDE_1.12.1/STM32CubeIDE/plugins/com.st.stm32cube.ide.mcu.externaltools.gnu-tools-for-stm32.12.3.rel1.win32_1.0.200.202406191623/tools/bin/../lib/gcc/arm-none-eabi/12.3.1/../../../../arm-none-eabi/lib/thumb/v7e-m+fp/hard\libc_nano.a(libc_a-fflush.o) (_fwalk_sglue)
C:/ST/STM32CubeIDE_1.12.1/STM32CubeIDE/plugins/com.st.stm32cube.ide.mcu.externaltools.gnu-tools-for-stm32.12.3.rel1.win32_1.0.200.202406191623/tools/bin/../lib/gcc/arm-none-eabi/12.3.1/../../../../arm-none-eabi/lib/thumb/v7e-m+fp/hard\libc_nano.a(libc_a-printf.o)
                              ./Core/Src/main.o (printf)
C:/ST/STM32CubeIDE_1.12.1/STM32CubeIDE/plugins/com.st.stm32cube.ide.mcu.externaltools.gnu-tools-for-stm32.12.3.rel1.win32_1.0.200.202406191623/tools/bin/../lib/gcc/arm-none-eabi/12.3.1/../../../../arm-none-eabi/lib/thumb/v7e-m+fp/hard\libc_nano.a(libc_a-putchar.o)
                              ./modules/command/cli.o (putchar)
C:/ST/STM32CubeIDE_1.12.1/STM32CubeIDE/plugins/com.st.stm32cube.ide.mcu.externaltools.gnu-tools-for-stm32.12.3.rel1.win32_1.0.200.202406191623/tools/bin/../lib/gcc/arm-none-eabi/12.3.1/../../../../arm-none-eabi/lib/thumb/v7e-m+fp/hard\libc_nano.a(libc_a-puts.o)
                              ./modules/command/cli.o (puts)
C:/ST/STM32CubeIDE_1.12.1/STM32CubeIDE/plugins/com.st.stm32cube.ide.mcu.externaltools.gnu-tools-for-stm32.12.3.rel1.win32_1.0.200.202406191623/tools/bin/../lib/gcc/arm-none-eabi/12.3.1/../../../../arm-none-eabi/lib/thumb/v7e-m+fp/hard\libc_nano.a(libc_a-sprintf.o)
                              ./Core/Src/freertos.o (sprintf)
C:/ST/STM32CubeIDE_1.12.1/STM32CubeIDE/plugins/com.st.stm32cube.ide.mcu.externaltools.gnu-tools-for-stm32.12.3.rel1.win32_1.0.200.202406191623/tools/bin/../lib/gcc/arm-none-eabi/12.3.1/../../../../arm-none-eabi/lib/thumb/v7e-m+fp/hard\libc_nano.a(libc_a-stdio.o)
[...]
Memory Configuration

Name             Origin             Length             Attributes
RAM              0x20000000         0x00018000         xrw
RAM2             0x10000000         0x00008000         xrw
FLASH            0x08000000         0x00100000         xr
*default*        0x00000000         0xffffffff

Linker script and memory map

LOAD C:/ST/STM32CubeIDE_1.12.1/STM32CubeIDE/plugins/com.st.stm32cube.ide.mcu.externaltools.gnu-tools-for-stm32.12.3.rel1.win32_1.0.200.202406191623/tools/bin/../lib/gcc/arm-none-eabi/12.3.1/thumb/v7e-m+fp/hard/crti.o
LOAD C:/ST/STM32CubeIDE_1.12.1/STM32CubeIDE/plugins/com.st.stm32cube.ide.mcu.externaltools.gnu-tools-for-stm32.12.3.rel1.win32_1.0.200.202406191623/tools/bin/../lib/gcc/arm-none-eabi/12.3.1/thumb/v7e-m+fp/hard/crtbegin.o
LOAD C:/ST/STM32CubeIDE_1.12.1/STM32CubeIDE/plugins/com.st.stm32cube.ide.mcu.externaltools.gnu-tools-for-stm32.12.3.rel1.win32_1.0.200.202406191623/tools/bin/../lib/gcc/arm-none-eabi/12.3.1/../../../../arm-none-eabi/lib/thumb/v7e-m+fp/hard/crt0.o
LOAD ./Core/Src/adc.o
LOAD ./Core/Src/dma.o
LOAD ./Core/Src/freertos.o
LOAD ./Core/Src/gpio.o
LOAD ./Core/Src/i2c.o
LOAD ./Core/Src/main.o
LOAD ./Core/Src/spi.o
LOAD ./Core/Src/stm32l4xx_hal_msp.o
LOAD ./Core/Src/stm32l4xx_hal_timebase_tim.o
LOAD ./Core/Src/stm32l4xx_it.o
LOAD ./Core/Src/syscalls.o
LOAD ./Core/Src/sysmem.o
LOAD ./Core/Src/system_stm32l4xx.o
LOAD ./Core/Src/tim.o
LOAD ./Core/Src/usart.o
LOAD ./Core/Startup/startup_stm32l476rgtx.o
LOAD ./Drivers/STM32L4xx_HAL_Driver/Src/stm32l4xx_hal.o
LOAD ./Drivers/STM32L4xx_HAL_Driver/Src/stm32l4xx_hal_adc.o
LOAD ./Drivers/STM32L4xx_HAL_Driver/Src/stm32l4xx_hal_adc_ex.o
LOAD ./Drivers/STM32L4xx_HAL_Driver/Src/stm32l4xx_hal_cortex.o
LOAD ./Drivers/STM32L4xx_HAL_Driver/Src/stm32l4xx_hal_dma.o
LOAD ./Drivers/STM32L4xx_HAL_Driver/Src/stm32l4xx_hal_dma_ex.o
LOAD ./Drivers/STM32L4xx_HAL_Driver/Src/stm32l4xx_hal_exti.o
LOAD ./Drivers/STM32L4xx_HAL_Driver/Src/stm32l4xx_hal_flash.o
LOAD ./Drivers/STM32L4xx_HAL_Driver/Src/stm32l4xx_hal_flash_ex.o
LOAD ./Drivers/STM32L4xx_HAL_Driver/Src/stm32l4xx_hal_flash_ramfunc.o
LOAD ./Drivers/STM32L4xx_HAL_Driver/Src/stm32l4xx_hal_gpio.o
LOAD ./Drivers/STM32L4xx_HAL_Driver/Src/stm32l4xx_hal_i2c.o
LOAD ./Drivers/STM32L4xx_HAL_Driver/Src/stm32l4xx_hal_i2c_ex.o
LOAD ./Drivers/STM32L4xx_HAL_Driver/Src/stm32l4xx_hal_pwr.o
LOAD ./Drivers/STM32L4xx_HAL_Driver/Src/stm32l4xx_hal_pwr_ex.o
LOAD ./Drivers/STM32L4xx_HAL_Driver/Src/stm32l4xx_hal_rcc.o
LOAD ./Drivers/STM32L4xx_HAL_Driver/Src/stm32l4xx_hal_rcc_ex.o
LOAD ./Drivers/STM32L4xx_HAL_Driver/Src/stm32l4xx_hal_spi.o
LOAD ./Drivers/STM32L4xx_HAL_Driver/Src/stm32l4xx_hal_spi_ex.o
LOAD ./Drivers/STM32L4xx_HAL_Driver/Src/stm32l4xx_hal_tim.o
LOAD ./Drivers/STM32L4xx_HAL_Driver/Src/stm32l4xx_hal_tim_ex.o
LOAD ./Drivers/STM32L4xx_HAL_Driver/Src/stm32l4xx_hal_uart.o
LOAD ./Drivers/STM32L4xx_HAL_Driver/Src/stm32l4xx_hal_uart_ex.o
LOAD ./FATFS/App/fatfs.o
LOAD ./FATFS/Target/user_diskio.o
LOAD ./FreeRTOS-CLI/FreeRTOS_CLI.o
LOAD ./Middlewares/Third_Party/FatFs/src/diskio.o
LOAD ./Middlewares/Third_Party/FatFs/src/ff.o
LOAD ./Middlewares/Third_Party/FatFs/src/ff_gen_drv.o
LOAD ./Middlewares/Third_Party/FatFs/src/option/ccsbcs.o
LOAD ./Middlewares/Third_Party/FatFs/src/option/syscall.o
LOAD ./Middlewares/Third_Party/FreeRTOS/Source/CMSIS_RTOS_V2/cmsis_os2.o
LOAD ./Middlewares/Third_Party/FreeRTOS/Source/croutine.o
LOAD ./Middlewares/Third_Party/FreeRTOS/Source/event_groups.o
LOAD ./Middlewares/Third_Party/FreeRTOS/Source/list.o
LOAD ./Middlewares/Third_Party/FreeRTOS/Source/queue.o
LOAD ./Middlewares/Third_Party/FreeRTOS/Source/stream_buffer.o
LOAD ./Middlewares/Third_Party/FreeRTOS/Source/tasks.o
LOAD ./Middlewares/Third_Party/FreeRTOS/Source/timers.o
LOAD ./Middlewares/Third_Party/FreeRTOS/Source/portable/GCC/ARM_CM4F/port.o
LOAD ./Middlewares/Third_Party/FreeRTOS/Source/portable/MemMang/heap_4.o
LOAD ./modules/analogic/analog_mng.o
LOAD ./modules/buzzer/buzzer.o
LOAD ./modules/buzzer/partitions.o
LOAD ./modules/command/cli.o
LOAD ./modules/file/file_mng.o
LOAD ./modules/lcd/grove_lcd.o
LOAD ./modules/rgb_led/grove_ws2813.o
LOAD ./modules/rtc/DS1307.o
LOAD ./modules/sdcard/user_diskio_spi.o
LOAD ./modules/servo/servo.o
LOAD ./modules/ultrasonic_sensor/grove_HCSR04.o
START GROUP
LOAD C:/ST/STM32CubeIDE_1.12.1/STM32CubeIDE/plugins/com.st.stm32cube.ide.mcu.externaltools.gnu-tools-for-stm32.12.3.rel1.win32_1.0.200.202406191623/tools/bin/../lib/gcc/arm-none-eabi/12.3.1/../../../../arm-none-eabi/lib/thumb/v7e-m+fp/hard\libc_nano.a
LOAD C:/ST/STM32CubeIDE_1.12.1/STM32CubeIDE/plugins/com.st.stm32cube.ide.mcu.externaltools.gnu-tools-for-stm32.12.3.rel1.win32_1.0.200.202406191623/tools/bin/../lib/gcc/arm-none-eabi/12.3.1/../../../../arm-none-eabi/lib/thumb/v7e-m+fp/hard\libm.a
END GROUP
START GROUP
LOAD C:/ST/STM32CubeIDE_1.12.1/STM32CubeIDE/plugins/com.st.stm32cube.ide.mcu.externaltools.gnu-tools-for-stm32.12.3.rel1.win32_1.0.200.202406191623/tools/bin/../lib/gcc/arm-none-eabi/12.3.1/thumb/v7e-m+fp/hard\libgcc.a
LOAD C:/ST/STM32CubeIDE_1.12.1/STM32CubeIDE/plugins/com.st.stm32cube.ide.mcu.externaltools.gnu-tools-for-stm32.12.3.rel1.win32_1.0.200.202406191623/tools/bin/../lib/gcc/arm-none-eabi/12.3.1/../../../../arm-none-eabi/lib/thumb/v7e-m+fp/hard\libc_nano.a
END GROUP
START GROUP
LOAD C:/ST/STM32CubeIDE_1.12.1/STM32CubeIDE/plugins/com.st.stm32cube.ide.mcu.externaltools.gnu-tools-for-stm32.12.3.rel1.win32_1.0.200.202406191623/tools/bin/../lib/gcc/arm-none-eabi/12.3.1/thumb/v7e-m+fp/hard\libgcc.a
LOAD C:/ST/STM32CubeIDE_1.12.1/STM32CubeIDE/plugins/com.st.stm32cube.ide.mcu.externaltools.gnu-tools-for-stm32.12.3.rel1.win32_1.0.200.202406191623/tools/bin/../lib/gcc/arm-none-eabi/12.3.1/../../../../arm-none-eabi/lib/thumb/v7e-m+fp/hard\libc_nano.a
LOAD C:/ST/STM32CubeIDE_1.12.1/STM32CubeIDE/plugins/com.st.stm32cube.ide.mcu.externaltools.gnu-tools-for-stm32.12.3.rel1.win32_1.0.200.202406191623/tools/bin/../lib/gcc/arm-none-eabi/12.3.1/../../../../arm-none-eabi/lib/thumb/v7e-m+fp/hard\libnosys.a
END GROUP
START GROUP
LOAD C:/ST/STM32CubeIDE_1.12.1/STM32CubeIDE/plugins/com.st.stm32cube.ide.mcu.externaltools.gnu-tools-for-stm32.12.3.rel1.win32_1.0.200.202406191623/tools/bin/../lib/gcc/arm-none-eabi/12.3.1/thumb/v7e-m+fp/hard\libgcc.a
LOAD C:/ST/STM32CubeIDE_1.12.1/STM32CubeIDE/plugins/com.st.stm32cube.ide.mcu.externaltools.gnu-tools-for-stm32.12.3.rel1.win32_1.0.200.202406191623/tools/bin/../lib/gcc/arm-none-eabi/12.3.1/../../../../arm-none-eabi/lib/thumb/v7e-m+fp/hard\libc_nano.a
LOAD C:/ST/STM32CubeIDE_1.12.1/STM32CubeIDE/plugins/com.st.stm32cube.ide.mcu.externaltools.gnu-tools-for-stm32.12.3.rel1.win32_1.0.200.202406191623/tools/bin/../lib/gcc/arm-none-eabi/12.3.1/../../../../arm-none-eabi/lib/thumb/v7e-m+fp/hard\libnosys.a
END GROUP
LOAD C:/ST/STM32CubeIDE_1.12.1/STM32CubeIDE/plugins/com.st.stm32cube.ide.mcu.externaltools.gnu-tools-for-stm32.12.3.rel1.win32_1.0.200.202406191623/tools/bin/../lib/gcc/arm-none-eabi/12.3.1/thumb/v7e-m+fp/hard/crtend.o
LOAD C:/ST/STM32CubeIDE_1.12.1/STM32CubeIDE/plugins/com.st.stm32cube.ide.mcu.externaltools.gnu-tools-for-stm32.12.3.rel1.win32_1.0.200.202406191623/tools/bin/../lib/gcc/arm-none-eabi/12.3.1/thumb/v7e-m+fp/hard/crtn.o
                0x20018000                        _estack = (ORIGIN (RAM) + LENGTH (RAM))
                0x00000200                        _Min_Heap_Size = 0x200
                0x00000400                        _Min_Stack_Size = 0x400

.isr_vector     0x08000000      0x188
                0x08000000                        . = ALIGN (0x4)
 *(.isr_vector)
 .isr_vector    0x08000000      0x188 ./Core/Startup/startup_stm32l476rgtx.o
                0x08000000                g_pfnVectors
                0x08000188                        . = ALIGN (0x4)

.text           0x08000190    0x127f4
                0x08000190                        . = ALIGN (0x4)
 *(.text)
 .text          0x08000190       0x40 C:/ST/STM32CubeIDE_1.12.1/STM32CubeIDE/plugins/com.st.stm32cube.ide.mcu.externaltools.gnu-tools-for-stm32.12.3.rel1.win32_1.0.200.202406191623/tools/bin/../lib/gcc/arm-none-eabi/12.3.1/thumb/v7e-m+fp/hard/crtbegin.o
 .text          0x080001d0       0x14 C:/ST/STM32CubeIDE_1.12.1/STM32CubeIDE/plugins/com.st.stm32cube.ide.mcu.externaltools.gnu-tools-for-stm32.12.3.rel1.win32_1.0.200.202406191623/tools/bin/../lib/gcc/arm-none-eabi/12.3.1/../../../../arm-none-eabi/lib/thumb/v7e-m+fp/hard\libc_nano.a(libc_a-strcmp.o)
                0x080001d0                strcmp
 .text          0x080001e4       0x10 C:/ST/STM32CubeIDE_1.12.1/STM32CubeIDE/plugins/com.st.stm32cube.ide.mcu.externaltools.gnu-tools-for-stm32.12.3.rel1.win32_1.0.200.202406191623/tools/bin/../lib/gcc/arm-none-eabi/12.3.1/../../../../arm-none-eabi/lib/thumb/v7e-m+fp/hard\libc_nano.a(libc_a-strlen.o)
                0x080001e4                strlen
 *fill*         0x080001f4        0xc 
 .text          0x08000200       0xa0 C:/ST/STM32CubeIDE_1.12.1/STM32CubeIDE/plugins/com.st.stm32cube.ide.mcu.externaltools.gnu-tools-for-stm32.12.3.rel1.win32_1.0.200.202406191623/tools/bin/../lib/gcc/arm-none-eabi/12.3.1/../../../../arm-none-eabi/lib/thumb/v7e-m+fp/hard\libc_nano.a(libc_a-memchr.o)
                0x08000200                memchr
 .text          0x080002a0      0x378 C:/ST/STM32CubeIDE_1.12.1/STM32CubeIDE/plugins/com.st.stm32cube.ide.mcu.externaltools.gnu-tools-for-stm32.12.3.rel1.win32_1.0.200.202406191623/tools/bin/../lib/gcc/arm-none-eabi/12.3.1/thumb/v7e-m+fp/hard\libgcc.a(_arm_addsubdf3.o)
                0x080002a0                __aeabi_drsub
                0x080002a8                __aeabi_dsub
                0x080002a8                __subdf3
                0x080002ac                __aeabi_dadd
                0x080002ac                __adddf3
                0x08000524                __floatunsidf
                0x08000524                __aeabi_ui2d
                0x08000544                __floatsidf
                0x08000544                __aeabi_i2d
                0x08000568                __aeabi_f2d
                0x08000568                __extendsfdf2
                0x080005ac                __floatundidf
                0x080005ac                __aeabi_ul2d
                0x080005bc                __floatdidf
                0x080005bc                __aeabi_l2d
 .text          0x08000618      0x424 C:/ST/STM32CubeIDE_1.12.1/STM32CubeIDE/plugins/com.st.stm32cube.ide.mcu.externaltools.gnu-tools-for-stm32.12.3.rel1.win32_1.0.200.202406191623/tools/bin/../lib/gcc/arm-none-eabi/12.3.1/thumb/v7e-m+fp/hard\libgcc.a(_arm_muldivdf3.o)
                0x08000618                __aeabi_dmul
                0x08000618                __muldf3
                0x0800086c                __divdf3
                0x0800086c                __aeabi_ddiv
 .text          0x08000a3c      0x110 C:/ST/STM32CubeIDE_1.12.1/STM32CubeIDE/plugins/com.st.stm32cube.ide.mcu.externaltools.gnu-tools-for-stm32.12.3.rel1.win32_1.0.200.202406191623/tools/bin/../lib/gcc/arm-none-eabi/12.3.1/thumb/v7e-m+fp/hard\libgcc.a(_arm_cmpdf2.o)
                0x08000a3c                __gtdf2
                0x08000a3c                __gedf2
                0x08000a44                __ltdf2
                0x08000a44                __ledf2
                0x08000a4c                __nedf2
                0x08000a4c                __eqdf2
                0x08000a4c                __cmpdf2
                0x08000ac8                __aeabi_cdrcmple
                0x08000ad8                __aeabi_cdcmpeq
                0x08000ad8                __aeabi_cdcmple
                0x08000ae8                __aeabi_dcmpeq
                0x08000afc                __aeabi_dcmplt
                0x08000b10                __aeabi_dcmple
                0x08000b24                __aeabi_dcmpge
                0x08000b38                __aeabi_dcmpgt
 .text          0x08000b4c       0x2c C:/ST/STM32CubeIDE_1.12.1/STM32CubeIDE/plugins/com.st.stm32cube.ide.mcu.externaltools.gnu-tools-for-stm32.12.3.rel1.win32_1.0.200.202406191623/tools/bin/../lib/gcc/arm-none-eabi/12.3.1/thumb/v7e-m+fp/hard\libgcc.a(_arm_unorddf2.o)
                0x08000b4c                __unorddf2
                0x08000b4c                __aeabi_dcmpun
 .text          0x08000b78       0x40 C:/ST/STM32CubeIDE_1.12.1/STM32CubeIDE/plugins/com.st.stm32cube.ide.mcu.externaltools.gnu-tools-for-stm32.12.3.rel1.win32_1.0.200.202406191623/tools/bin/../lib/gcc/arm-none-eabi/12.3.1/thumb/v7e-m+fp/hard\libgcc.a(_arm_fixunsdfsi.o)
                0x08000b78                __aeabi_d2uiz
                0x08000b78                __fixunsdfsi
 .text          0x08000bb8       0xa0 C:/ST/STM32CubeIDE_1.12.1/STM32CubeIDE/plugins/com.st.stm32cube.ide.mcu.externaltools.gnu-tools-for-stm32.12.3.rel1.win32_1.0.200.202406191623/tools/bin/../lib/gcc/arm-none-eabi/12.3.1/thumb/v7e-m+fp/hard\libgcc.a(_arm_truncdfsf2.o)
                0x08000bb8                __truncdfsf2
                0x08000bb8                __aeabi_d2f
 .text          0x08000c58       0x30 C:/ST/STM32CubeIDE_1.12.1/STM32CubeIDE/plugins/com.st.stm32cube.ide.mcu.externaltools.gnu-tools-for-stm32.12.3.rel1.win32_1.0.200.202406191623/tools/bin/../lib/gcc/arm-none-eabi/12.3.1/thumb/v7e-m+fp/hard\libgcc.a(_aeabi_uldivmod.o)
                0x08000c58                __aeabi_uldivmod
 .text          0x08000c88      0x2bc C:/ST/STM32CubeIDE_1.12.1/STM32CubeIDE/plugins/com.st.stm32cube.ide.mcu.externaltools.gnu-tools-for-stm32.12.3.rel1.win32_1.0.200.202406191623/tools/bin/../lib/gcc/arm-none-eabi/12.3.1/thumb/v7e-m+fp/hard\libgcc.a(_udivmoddi4.o)
                0x08000c88                __udivmoddi4
 .text          0x08000f44        0x4 C:/ST/STM32CubeIDE_1.12.1/STM32CubeIDE/plugins/com.st.stm32cube.ide.mcu.externaltools.gnu-tools-for-stm32.12.3.rel1.win32_1.0.200.202406191623/tools/bin/../lib/gcc/arm-none-eabi/12.3.1/thumb/v7e-m+fp/hard\libgcc.a(_dvmd_tls.o)
                0x08000f44                __aeabi_idiv0
                0x08000f44                __aeabi_ldiv0
 *(.text*)
 .text.MX_ADC1_Init
                0x08000f48      0x130 ./Core/Src/adc.o
                0x08000f48                MX_ADC1_Init
 .text.HAL_ADC_MspInit
                0x08001078      0x130 ./Core/Src/adc.o
                0x08001078                HAL_ADC_MspInit
 .text.MX_DMA_Init
                0x080011a8       0x64 ./Core/Src/dma.o
                0x080011a8                MX_DMA_Init
 .text.MX_FREERTOS_Init
                0x0800120c       0x8c ./Core/Src/freertos.o
                0x0800120c                MX_FREERTOS_Init
 .text.StartDisplayTask
                0x08001298       0xe8 ./Core/Src/freertos.o
                0x08001298                StartDisplayTask
 .text.StartCommandTask
                0x08001380       0x16 ./Core/Src/freertos.o
                0x08001380                StartCommandTask
 *fill*         0x08001396        0x2 
 .text.StartJukeboxTask
                0x08001398       0x7c ./Core/Src/freertos.o
                0x08001398                StartJukeboxTask
 .text.StartTest
                0x08001414       0x10 ./Core/Src/freertos.o
                0x08001414                StartTest
 .text.MX_GPIO_Init
                0x08001424      0x114 ./Core/Src/gpio.o
                0x08001424                MX_GPIO_Init
 .text.MX_I2C1_Init
                0x08001538       0x80 ./Core/Src/i2c.o
                0x08001538                MX_I2C1_Init
 .text.HAL_I2C_MspInit
                0x080015b8       0xbc ./Core/Src/i2c.o
                0x080015b8                HAL_I2C_MspInit
 .text.HAL_TIM_PWM_PulseFinishedCallback
                0x08001674       0x18 ./Core/Src/main.o
                0x08001674                HAL_TIM_PWM_PulseFinishedCallback
 .text.main     0x0800168c       0xf8 ./Core/Src/main.o
                0x0800168c                main
 .text.SystemClock_Config
                0x08001784       0xa2 ./Core/Src/main.o
                0x08001784                SystemClock_Config
 *fill*         0x08001826        0x2 
 .text._write   0x08001828       0x2c ./Core/Src/main.o
                0x08001828                _write
 .text.HAL_TIM_PeriodElapsedCallback
                0x08001854       0x38 ./Core/Src/main.o
                0x08001854                HAL_TIM_PeriodElapsedCallback
 .text.Error_Handler
                0x0800188c        0xc ./Core/Src/main.o
                0x0800188c                Error_Handler
 .text.MX_SPI3_Init
                0x08001898       0x7c ./Core/Src/spi.o
                0x08001898                MX_SPI3_Init
 .text.HAL_SPI_MspInit
                0x08001914       0x88 ./Core/Src/spi.o
                0x08001914                HAL_SPI_MspInit
 .text.HAL_MspInit
                0x0800199c       0x50 ./Core/Src/stm32l4xx_hal_msp.o
                0x0800199c                HAL_MspInit
 .text.HAL_InitTick
                0x080019ec       0xf4 ./Core/Src/stm32l4xx_hal_timebase_tim.o
                0x080019ec                HAL_InitTick
 .text.NMI_Handler
                0x08001ae0        0x8 ./Core/Src/stm32l4xx_it.o
                0x08001ae0                NMI_Handler
 .text.HardFault_Handler
                0x08001ae8       0x24 ./Core/Src/stm32l4xx_it.o
                0x08001ae8                HardFault_Handler
 .text.MemManage_Handler
                0x08001b0c        0x8 ./Core/Src/stm32l4xx_it.o
                0x08001b0c                MemManage_Handler
 .text.BusFault_Handler
                0x08001b14        0x8 ./Core/Src/stm32l4xx_it.o
                0x08001b14                BusFault_Handler
 .text.UsageFault_Handler
                0x08001b1c        0x8 ./Core/Src/stm32l4xx_it.o
                0x08001b1c                UsageFault_Handler
 .text.DebugMon_Handler
                0x08001b24        0xe ./Core/Src/stm32l4xx_it.o
                0x08001b24                DebugMon_Handler
 *fill*         0x08001b32        0x2 
 .text.DMA1_Channel1_IRQHandler
                0x08001b34       0x14 ./Core/Src/stm32l4xx_it.o
                0x08001b34                DMA1_Channel1_IRQHandler
 .text.TIM4_IRQHandler
                0x08001b48       0x14 ./Core/Src/stm32l4xx_it.o
                0x08001b48                TIM4_IRQHandler
 .text.USART2_IRQHandler
                0x08001b5c       0x14 ./Core/Src/stm32l4xx_it.o
                0x08001b5c                USART2_IRQHandler
 .text.TIM5_IRQHandler
                0x08001b70       0x14 ./Core/Src/stm32l4xx_it.o
                0x08001b70                TIM5_IRQHandler
 .text.DMA2_Channel3_IRQHandler
                0x08001b84       0x14 ./Core/Src/stm32l4xx_it.o
                0x08001b84                DMA2_Channel3_IRQHandler
 .text._read    0x08001b98       0x3a ./Core/Src/syscalls.o
                0x08001b98                _read
 .text._close   0x08001bd2       0x18 ./Core/Src/syscalls.o
                0x08001bd2                _close
 .text._fstat   0x08001bea       0x20 ./Core/Src/syscalls.o
                0x08001bea                _fstat
 .text._isatty  0x08001c0a       0x16 ./Core/Src/syscalls.o
                0x08001c0a                _isatty
 .text._lseek   0x08001c20       0x1a ./Core/Src/syscalls.o
                0x08001c20                _lseek
 *fill*         0x08001c3a        0x2 
 .text._sbrk    0x08001c3c       0x6c ./Core/Src/sysmem.o
                0x08001c3c                _sbrk
 .text.SystemInit
                0x08001ca8       0x24 ./Core/Src/system_stm32l4xx.o
                0x08001ca8                SystemInit
 .text.MX_TIM1_Init
                0x08001ccc      0x158 ./Core/Src/tim.o
                0x08001ccc                MX_TIM1_Init
 .text.MX_TIM2_Init
                0x08001e24       0xec ./Core/Src/tim.o
                0x08001e24                MX_TIM2_Init
 .text.MX_TIM3_Init
                0x08001f10       0xf0 ./Core/Src/tim.o
                0x08001f10                MX_TIM3_Init
 .text.MX_TIM5_Init
                0x08002000       0xa0 ./Core/Src/tim.o
                0x08002000                MX_TIM5_Init
 .text.MX_TIM8_Init
                0x080020a0       0xa8 ./Core/Src/tim.o
                0x080020a0                MX_TIM8_Init
 .text.HAL_TIM_Base_MspInit
                0x08002148      0x148 ./Core/Src/tim.o
                0x08002148                HAL_TIM_Base_MspInit
 .text.HAL_TIM_MspPostInit
                0x08002290      0x100 ./Core/Src/tim.o
                0x08002290                HAL_TIM_MspPostInit
 .text.MX_USART2_UART_Init
                0x08002390       0x60 ./Core/Src/usart.o
                0x08002390                MX_USART2_UART_Init
 .text.HAL_UART_MspInit
                0x080023f0       0xc8 ./Core/Src/usart.o
                0x080023f0                HAL_UART_MspInit
 .text.Reset_Handler
                0x080024b8       0x50 ./Core/Startup/startup_stm32l476rgtx.o
                0x080024b8                Reset_Handler
 .text.Default_Handler
                0x08002508        0x2 ./Core/Startup/startup_stm32l476rgtx.o
                0x08002508                RTC_Alarm_IRQHandler
                0x08002508                EXTI2_IRQHandler
                0x08002508                TIM8_TRG_COM_IRQHandler
                0x08002508                TIM8_CC_IRQHandler
                0x08002508                TIM1_CC_IRQHandler
                0x08002508                TSC_IRQHandler
                0x08002508                TAMP_STAMP_IRQHandler
                0x08002508                EXTI3_IRQHandler
                0x08002508                LPTIM2_IRQHandler
                0x08002508                DFSDM1_FLT1_IRQHandler
                0x08002508                I2C3_ER_IRQHandler
                0x08002508                DFSDM1_FLT2_IRQHandler
                0x08002508                EXTI0_IRQHandler
                0x08002508                I2C2_EV_IRQHandler
                0x08002508                CAN1_RX0_IRQHandler
                0x08002508                FPU_IRQHandler
                0x08002508                TIM1_UP_TIM16_IRQHandler
                0x08002508                ADC1_2_IRQHandler
                0x08002508                SPI1_IRQHandler
                0x08002508                TIM6_DAC_IRQHandler
                0x08002508                TIM8_UP_IRQHandler
                0x08002508                DMA2_Channel2_IRQHandler
                0x08002508                DMA1_Channel4_IRQHandler
                0x08002508                SAI2_IRQHandler
                0x08002508                DFSDM1_FLT3_IRQHandler
                0x08002508                USART3_IRQHandler
                0x08002508                DMA1_Channel7_IRQHandler
                0x08002508                CAN1_RX1_IRQHandler
                0x08002508                LCD_IRQHandler
                0x08002508                UART5_IRQHandler
                0x08002508                ADC3_IRQHandler
                0x08002508                DMA2_Channel1_IRQHandler
                0x08002508                QUADSPI_IRQHandler
                0x08002508                I2C1_EV_IRQHandler
                0x08002508                DMA1_Channel6_IRQHandler
                0x08002508                UART4_IRQHandler
                0x08002508                DMA2_Channel4_IRQHandler
                0x08002508                TIM3_IRQHandler
                0x08002508                RCC_IRQHandler
                0x08002508                Default_Handler
                0x08002508                DMA2_Channel7_IRQHandler
                0x08002508                EXTI15_10_IRQHandler
                0x08002508                TIM7_IRQHandler
                0x08002508                SDMMC1_IRQHandler
                0x08002508                I2C3_EV_IRQHandler
                0x08002508                EXTI9_5_IRQHandler
                0x08002508                RTC_WKUP_IRQHandler
                0x08002508                PVD_PVM_IRQHandler
                0x08002508                SPI2_IRQHandler
                0x08002508                CAN1_TX_IRQHandler
                0x08002508                DMA2_Channel5_IRQHandler
                0x08002508                DMA1_Channel5_IRQHandler
                0x08002508                EXTI4_IRQHandler
                0x08002508                RNG_IRQHandler
                0x08002508                TIM1_TRG_COM_TIM17_IRQHandler
                0x08002508                DMA1_Channel3_IRQHandler
                0x08002508                COMP_IRQHandler
                0x08002508                WWDG_IRQHandler
                0x08002508                LPUART1_IRQHandler
                0x08002508                DMA2_Channel6_IRQHandler
                0x08002508                TIM2_IRQHandler
                0x08002508                EXTI1_IRQHandler
                0x08002508                DFSDM1_FLT0_IRQHandler
                0x08002508                I2C2_ER_IRQHandler
                0x08002508                DMA1_Channel2_IRQHandler
                0x08002508                TIM8_BRK_IRQHandler
                0x08002508                CAN1_SCE_IRQHandler
                0x08002508                FLASH_IRQHandler
                0x08002508                USART1_IRQHandler
                0x08002508                OTG_FS_IRQHandler
                0x08002508                SPI3_IRQHandler
                0x08002508                I2C1_ER_IRQHandler
                0x08002508                FMC_IRQHandler
                0x08002508                SWPMI1_IRQHandler
                0x08002508                LPTIM1_IRQHandler
                0x08002508                SAI1_IRQHandler
                0x08002508                TIM1_BRK_TIM15_IRQHandler
 *fill*         0x0800250a        0x2 
 .text.HAL_Init
                0x0800250c       0x40 ./Drivers/STM32L4xx_HAL_Driver/Src/stm32l4xx_hal.o
                0x0800250c                HAL_Init
 .text.HAL_IncTick
                0x0800254c       0x28 ./Drivers/STM32L4xx_HAL_Driver/Src/stm32l4xx_hal.o
                0x0800254c                HAL_IncTick
 .text.HAL_GetTick
                0x08002574       0x18 ./Drivers/STM32L4xx_HAL_Driver/Src/stm32l4xx_hal.o
                0x08002574                HAL_GetTick
 .text.HAL_Delay
                0x0800258c       0x48 ./Drivers/STM32L4xx_HAL_Driver/Src/stm32l4xx_hal.o
                0x0800258c                HAL_Delay
 .text.LL_ADC_SetCommonClock
                0x080025d4       0x26 ./Drivers/STM32L4xx_HAL_Driver/Src/stm32l4xx_hal_adc.o
 .text.LL_ADC_SetCommonPathInternalCh
                0x080025fa       0x26 ./Drivers/STM32L4xx_HAL_Driver/Src/stm32l4xx_hal_adc.o
 .text.LL_ADC_GetCommonPathInternalCh
                0x08002620       0x1c ./Drivers/STM32L4xx_HAL_Driver/Src/stm32l4xx_hal_adc.o
 .text.LL_ADC_SetOffset
                0x0800263c       0x48 ./Drivers/STM32L4xx_HAL_Driver/Src/stm32l4xx_hal_adc.o
 .text.LL_ADC_GetOffsetChannel
                0x08002684       0x2c ./Drivers/STM32L4xx_HAL_Driver/Src/stm32l4xx_hal_adc.o
 .text.LL_ADC_SetOffsetState
                0x080026b0       0x36 ./Drivers/STM32L4xx_HAL_Driver/Src/stm32l4xx_hal_adc.o
 .text.LL_ADC_REG_IsTriggerSourceSWStart
                0x080026e6       0x26 ./Drivers/STM32L4xx_HAL_Driver/Src/stm32l4xx_hal_adc.o
 .text.LL_ADC_REG_SetSequencerRanks
                0x0800270c       0x58 ./Drivers/STM32L4xx_HAL_Driver/Src/stm32l4xx_hal_adc.o
 .text.LL_ADC_SetChannelSamplingTime
                0x08002764       0x56 ./Drivers/STM32L4xx_HAL_Driver/Src/stm32l4xx_hal_adc.o
 *fill*         0x080027ba        0x2 
 .text.LL_ADC_SetChannelSingleDiff
                0x080027bc       0x48 ./Drivers/STM32L4xx_HAL_Driver/Src/stm32l4xx_hal_adc.o
 .text.LL_ADC_GetMultimode
                0x08002804       0x1c ./Drivers/STM32L4xx_HAL_Driver/Src/stm32l4xx_hal_adc.o
 .text.LL_ADC_DisableDeepPowerDown
                0x08002820       0x24 ./Drivers/STM32L4xx_HAL_Driver/Src/stm32l4xx_hal_adc.o
 .text.LL_ADC_IsDeepPowerDownEnabled
                0x08002844       0x28 ./Drivers/STM32L4xx_HAL_Driver/Src/stm32l4xx_hal_adc.o
 .text.LL_ADC_EnableInternalRegulator
                0x0800286c       0x28 ./Drivers/STM32L4xx_HAL_Driver/Src/stm32l4xx_hal_adc.o
 .text.LL_ADC_IsInternalRegulatorEnabled
                0x08002894       0x28 ./Drivers/STM32L4xx_HAL_Driver/Src/stm32l4xx_hal_adc.o
 .text.LL_ADC_Enable
                0x080028bc       0x28 ./Drivers/STM32L4xx_HAL_Driver/Src/stm32l4xx_hal_adc.o
 .text.LL_ADC_IsEnabled
                0x080028e4       0x26 ./Drivers/STM32L4xx_HAL_Driver/Src/stm32l4xx_hal_adc.o
 .text.LL_ADC_REG_StartConversion
                0x0800290a       0x28 ./Drivers/STM32L4xx_HAL_Driver/Src/stm32l4xx_hal_adc.o
 .text.LL_ADC_REG_IsConversionOngoing
                0x08002932       0x26 ./Drivers/STM32L4xx_HAL_Driver/Src/stm32l4xx_hal_adc.o
 .text.LL_ADC_INJ_IsConversionOngoing
                0x08002958       0x26 ./Drivers/STM32L4xx_HAL_Driver/Src/stm32l4xx_hal_adc.o
 *fill*         0x0800297e        0x2 
 .text.HAL_ADC_Init
                0x08002980      0x2a0 ./Drivers/STM32L4xx_HAL_Driver/Src/stm32l4xx_hal_adc.o
                0x08002980                HAL_ADC_Init
 .text.HAL_ADC_Start_DMA
                0x08002c20      0x178 ./Drivers/STM32L4xx_HAL_Driver/Src/stm32l4xx_hal_adc.o
                0x08002c20                HAL_ADC_Start_DMA
 .text.HAL_ADC_ConvHalfCpltCallback
                0x08002d98       0x14 ./Drivers/STM32L4xx_HAL_Driver/Src/stm32l4xx_hal_adc.o
                0x08002d98                HAL_ADC_ConvHalfCpltCallback
 .text.HAL_ADC_ErrorCallback
                0x08002dac       0x14 ./Drivers/STM32L4xx_HAL_Driver/Src/stm32l4xx_hal_adc.o
                0x08002dac                HAL_ADC_ErrorCallback
 .text.HAL_ADC_ConfigChannel
                0x08002dc0      0x7e4 ./Drivers/STM32L4xx_HAL_Driver/Src/stm32l4xx_hal_adc.o
                0x08002dc0                HAL_ADC_ConfigChannel
 .text.ADC_Enable
                0x080035a4      0x10c ./Drivers/STM32L4xx_HAL_Driver/Src/stm32l4xx_hal_adc.o
                0x080035a4                ADC_Enable
 .text.ADC_DMAConvCplt
                0x080036b0       0xd8 ./Drivers/STM32L4xx_HAL_Driver/Src/stm32l4xx_hal_adc.o
                0x080036b0                ADC_DMAConvCplt
 .text.ADC_DMAHalfConvCplt
                0x08003788       0x1c ./Drivers/STM32L4xx_HAL_Driver/Src/stm32l4xx_hal_adc.o
                0x08003788                ADC_DMAHalfConvCplt
 .text.ADC_DMAError
                0x080037a4       0x34 ./Drivers/STM32L4xx_HAL_Driver/Src/stm32l4xx_hal_adc.o
                0x080037a4                ADC_DMAError
 .text.LL_ADC_IsEnabled
                0x080037d8       0x26 ./Drivers/STM32L4xx_HAL_Driver/Src/stm32l4xx_hal_adc_ex.o
 .text.LL_ADC_REG_IsConversionOngoing
                0x080037fe       0x26 ./Drivers/STM32L4xx_HAL_Driver/Src/stm32l4xx_hal_adc_ex.o
 .text.HAL_ADCEx_MultiModeConfigChannel
                0x08003824      0x160 ./Drivers/STM32L4xx_HAL_Driver/Src/stm32l4xx_hal_adc_ex.o
                0x08003824                HAL_ADCEx_MultiModeConfigChannel
 .text.__NVIC_SetPriorityGrouping
                0x08003984       0x48 ./Drivers/STM32L4xx_HAL_Driver/Src/stm32l4xx_hal_cortex.o
 .text.__NVIC_GetPriorityGrouping
                0x080039cc       0x1c ./Drivers/STM32L4xx_HAL_Driver/Src/stm32l4xx_hal_cortex.o
 .text.__NVIC_EnableIRQ
                0x080039e8       0x3c ./Drivers/STM32L4xx_HAL_Driver/Src/stm32l4xx_hal_cortex.o
 .text.__NVIC_SetPriority
                0x08003a24       0x54 ./Drivers/STM32L4xx_HAL_Driver/Src/stm32l4xx_hal_cortex.o
 .text.NVIC_EncodePriority
                0x08003a78       0x66 ./Drivers/STM32L4xx_HAL_Driver/Src/stm32l4xx_hal_cortex.o
 .text.HAL_NVIC_SetPriorityGrouping
                0x08003ade       0x16 ./Drivers/STM32L4xx_HAL_Driver/Src/stm32l4xx_hal_cortex.o
                0x08003ade                HAL_NVIC_SetPriorityGrouping
 .text.HAL_NVIC_SetPriority
                0x08003af4       0x38 ./Drivers/STM32L4xx_HAL_Driver/Src/stm32l4xx_hal_cortex.o
                0x08003af4                HAL_NVIC_SetPriority
 .text.HAL_NVIC_EnableIRQ
                0x08003b2c       0x1c ./Drivers/STM32L4xx_HAL_Driver/Src/stm32l4xx_hal_cortex.o
                0x08003b2c                HAL_NVIC_EnableIRQ
 .text.HAL_DMA_Init
                0x08003b48      0x170 ./Drivers/STM32L4xx_HAL_Driver/Src/stm32l4xx_hal_dma.o
                0x08003b48                HAL_DMA_Init
 .text.HAL_DMA_Start_IT
                0x08003cb8       0xc0 ./Drivers/STM32L4xx_HAL_Driver/Src/stm32l4xx_hal_dma.o
                0x08003cb8                HAL_DMA_Start_IT
 .text.HAL_DMA_Abort
                0x08003d78       0x7c ./Drivers/STM32L4xx_HAL_Driver/Src/stm32l4xx_hal_dma.o
                0x08003d78                HAL_DMA_Abort
 .text.HAL_DMA_Abort_IT
                0x08003df4       0x82 ./Drivers/STM32L4xx_HAL_Driver/Src/stm32l4xx_hal_dma.o
                0x08003df4                HAL_DMA_Abort_IT
 .text.HAL_DMA_IRQHandler
                0x08003e76      0x15e ./Drivers/STM32L4xx_HAL_Driver/Src/stm32l4xx_hal_dma.o
                0x08003e76                HAL_DMA_IRQHandler
 .text.DMA_SetConfig
                0x08003fd4       0x60 ./Drivers/STM32L4xx_HAL_Driver/Src/stm32l4xx_hal_dma.o
 .text.HAL_GPIO_Init
                0x08004034      0x354 ./Drivers/STM32L4xx_HAL_Driver/Src/stm32l4xx_hal_gpio.o
                0x08004034                HAL_GPIO_Init
 .text.HAL_GPIO_WritePin
                0x08004388       0x30 ./Drivers/STM32L4xx_HAL_Driver/Src/stm32l4xx_hal_gpio.o
                0x08004388                HAL_GPIO_WritePin
 .text.HAL_I2C_Init
                0x080043b8      0x136 ./Drivers/STM32L4xx_HAL_Driver/Src/stm32l4xx_hal_i2c.o
                0x080043b8                HAL_I2C_Init
 *fill*         0x080044ee        0x2 
 .text.HAL_I2C_Master_Transmit
                0x080044f0      0x230 ./Drivers/STM32L4xx_HAL_Driver/Src/stm32l4xx_hal_i2c.o
                0x080044f0                HAL_I2C_Master_Transmit
 .text.HAL_I2C_Master_Receive
                0x08004720      0x1ec ./Drivers/STM32L4xx_HAL_Driver/Src/stm32l4xx_hal_i2c.o
                0x08004720                HAL_I2C_Master_Receive
 .text.I2C_Flush_TXDR
                0x0800490c       0x48 ./Drivers/STM32L4xx_HAL_Driver/Src/stm32l4xx_hal_i2c.o
 .text.I2C_WaitOnFlagUntilTimeout
                0x08004954       0x9e ./Drivers/STM32L4xx_HAL_Driver/Src/stm32l4xx_hal_i2c.o
 .text.I2C_WaitOnTXISFlagUntilTimeout
                0x080049f2       0x8e ./Drivers/STM32L4xx_HAL_Driver/Src/stm32l4xx_hal_i2c.o
 .text.I2C_WaitOnSTOPFlagUntilTimeout
                0x08004a80       0x86 ./Drivers/STM32L4xx_HAL_Driver/Src/stm32l4xx_hal_i2c.o
 *fill*         0x08004b06        0x2 
 .text.I2C_WaitOnRXNEFlagUntilTimeout
                0x08004b08      0x104 ./Drivers/STM32L4xx_HAL_Driver/Src/stm32l4xx_hal_i2c.o
 .text.I2C_IsErrorOccurred
                0x08004c0c      0x1c0 ./Drivers/STM32L4xx_HAL_Driver/Src/stm32l4xx_hal_i2c.o
 .text.I2C_TransferConfig
                0x08004dcc       0x64 ./Drivers/STM32L4xx_HAL_Driver/Src/stm32l4xx_hal_i2c.o
 .text.HAL_I2CEx_ConfigAnalogFilter
                0x08004e30       0x96 ./Drivers/STM32L4xx_HAL_Driver/Src/stm32l4xx_hal_i2c_ex.o
                0x08004e30                HAL_I2CEx_ConfigAnalogFilter
 .text.HAL_I2CEx_ConfigDigitalFilter
                0x08004ec6       0x98 ./Drivers/STM32L4xx_HAL_Driver/Src/stm32l4xx_hal_i2c_ex.o
                0x08004ec6                HAL_I2CEx_ConfigDigitalFilter
 *fill*         0x08004f5e        0x2 
 .text.HAL_PWREx_GetVoltageRange
                0x08004f60       0x1c ./Drivers/STM32L4xx_HAL_Driver/Src/stm32l4xx_hal_pwr_ex.o
                0x08004f60                HAL_PWREx_GetVoltageRange
 .text.HAL_PWREx_ControlVoltageScaling
                0x08004f7c       0xac ./Drivers/STM32L4xx_HAL_Driver/Src/stm32l4xx_hal_pwr_ex.o
                0x08004f7c                HAL_PWREx_ControlVoltageScaling
 .text.HAL_RCC_OscConfig
                0x08005028      0x7b8 ./Drivers/STM32L4xx_HAL_Driver/Src/stm32l4xx_hal_rcc.o
                0x08005028                HAL_RCC_OscConfig
 .text.HAL_RCC_ClockConfig
                0x080057e0      0x200 ./Drivers/STM32L4xx_HAL_Driver/Src/stm32l4xx_hal_rcc.o
                0x080057e0                HAL_RCC_ClockConfig
 .text.HAL_RCC_GetSysClockFreq
                0x080059e0      0x118 ./Drivers/STM32L4xx_HAL_Driver/Src/stm32l4xx_hal_rcc.o
                0x080059e0                HAL_RCC_GetSysClockFreq
 .text.HAL_RCC_GetHCLKFreq
                0x08005af8       0x18 ./Drivers/STM32L4xx_HAL_Driver/Src/stm32l4xx_hal_rcc.o
                0x08005af8                HAL_RCC_GetHCLKFreq
 .text.HAL_RCC_GetPCLK1Freq
                0x08005b10       0x2c ./Drivers/STM32L4xx_HAL_Driver/Src/stm32l4xx_hal_rcc.o
                0x08005b10                HAL_RCC_GetPCLK1Freq
 .text.HAL_RCC_GetPCLK2Freq
                0x08005b3c       0x2c ./Drivers/STM32L4xx_HAL_Driver/Src/stm32l4xx_hal_rcc.o
                0x08005b3c                HAL_RCC_GetPCLK2Freq
 .text.HAL_RCC_GetClockConfig
                0x08005b68       0x64 ./Drivers/STM32L4xx_HAL_Driver/Src/stm32l4xx_hal_rcc.o
                0x08005b68                HAL_RCC_GetClockConfig
 .text.RCC_SetFlashLatencyFromMSIRange
                0x08005bcc       0xc0 ./Drivers/STM32L4xx_HAL_Driver/Src/stm32l4xx_hal_rcc.o
 .text.HAL_RCCEx_PeriphCLKConfig
                0x08005c8c      0x5d4 ./Drivers/STM32L4xx_HAL_Driver/Src/stm32l4xx_hal_rcc_ex.o
                0x08005c8c                HAL_RCCEx_PeriphCLKConfig
 .text.RCCEx_PLLSAI1_Config
                0x08006260      0x1e8 ./Drivers/STM32L4xx_HAL_Driver/Src/stm32l4xx_hal_rcc_ex.o
 .text.RCCEx_PLLSAI2_Config
                0x08006448      0x1bc ./Drivers/STM32L4xx_HAL_Driver/Src/stm32l4xx_hal_rcc_ex.o
 .text.HAL_SPI_Init
                0x08006604      0x146 ./Drivers/STM32L4xx_HAL_Driver/Src/stm32l4xx_hal_spi.o
                0x08006604                HAL_SPI_Init
 .text.HAL_SPI_Transmit
                0x0800674a      0x2ea ./Drivers/STM32L4xx_HAL_Driver/Src/stm32l4xx_hal_spi.o
                0x0800674a                HAL_SPI_Transmit
 .text.HAL_SPI_TransmitReceive
                0x08006a34      0x444 ./Drivers/STM32L4xx_HAL_Driver/Src/stm32l4xx_hal_spi.o
                0x08006a34                HAL_SPI_TransmitReceive
 .text.SPI_WaitFlagStateUntilTimeout
                0x08006e78      0x110 ./Drivers/STM32L4xx_HAL_Driver/Src/stm32l4xx_hal_spi.o
 .text.SPI_WaitFifoStateUntilTimeout
                0x08006f88      0x12c ./Drivers/STM32L4xx_HAL_Driver/Src/stm32l4xx_hal_spi.o
 .text.SPI_EndRxTxTransaction
                0x080070b4       0x8c ./Drivers/STM32L4xx_HAL_Driver/Src/stm32l4xx_hal_spi.o
 .text.HAL_TIM_Base_Init
                0x08007140       0xae ./Drivers/STM32L4xx_HAL_Driver/Src/stm32l4xx_hal_tim.o
                0x08007140                HAL_TIM_Base_Init
 *fill*         0x080071ee        0x2 
 .text.HAL_TIM_Base_Start
                0x080071f0       0xd0 ./Drivers/STM32L4xx_HAL_Driver/Src/stm32l4xx_hal_tim.o
                0x080071f0                HAL_TIM_Base_Start
 .text.HAL_TIM_Base_Start_IT
                0x080072c0       0xe0 ./Drivers/STM32L4xx_HAL_Driver/Src/stm32l4xx_hal_tim.o
                0x080072c0                HAL_TIM_Base_Start_IT
 .text.HAL_TIM_Base_Stop_IT
                0x080073a0       0x5e ./Drivers/STM32L4xx_HAL_Driver/Src/stm32l4xx_hal_tim.o
                0x080073a0                HAL_TIM_Base_Stop_IT
 .text.HAL_TIM_PWM_Init
                0x080073fe       0xae ./Drivers/STM32L4xx_HAL_Driver/Src/stm32l4xx_hal_tim.o
                0x080073fe                HAL_TIM_PWM_Init
 .text.HAL_TIM_PWM_MspInit
                0x080074ac       0x14 ./Drivers/STM32L4xx_HAL_Driver/Src/stm32l4xx_hal_tim.o
                0x080074ac                HAL_TIM_PWM_MspInit
 .text.HAL_TIM_PWM_Start
                0x080074c0      0x20c ./Drivers/STM32L4xx_HAL_Driver/Src/stm32l4xx_hal_tim.o
                0x080074c0                HAL_TIM_PWM_Start
 .text.HAL_TIM_PWM_Stop
                0x080076cc      0x12c ./Drivers/STM32L4xx_HAL_Driver/Src/stm32l4xx_hal_tim.o
                0x080076cc                HAL_TIM_PWM_Stop
 .text.HAL_TIM_PWM_Start_DMA
                0x080077f8      0x440 ./Drivers/STM32L4xx_HAL_Driver/Src/stm32l4xx_hal_tim.o
                0x080077f8                HAL_TIM_PWM_Start_DMA
 .text.HAL_TIM_PWM_Stop_DMA
                0x08007c38      0x1f0 ./Drivers/STM32L4xx_HAL_Driver/Src/stm32l4xx_hal_tim.o
                0x08007c38                HAL_TIM_PWM_Stop_DMA
 .text.HAL_TIM_IRQHandler
                0x08007e28      0x204 ./Drivers/STM32L4xx_HAL_Driver/Src/stm32l4xx_hal_tim.o
                0x08007e28                HAL_TIM_IRQHandler
 .text.HAL_TIM_PWM_ConfigChannel
                0x0800802c      0x228 ./Drivers/STM32L4xx_HAL_Driver/Src/stm32l4xx_hal_tim.o
                0x0800802c                HAL_TIM_PWM_ConfigChannel
 .text.HAL_TIM_ConfigClockSource
                0x08008254      0x192 ./Drivers/STM32L4xx_HAL_Driver/Src/stm32l4xx_hal_tim.o
                0x08008254                HAL_TIM_ConfigClockSource
 .text.HAL_TIM_OC_DelayElapsedCallback
                0x080083e6       0x14 ./Drivers/STM32L4xx_HAL_Driver/Src/stm32l4xx_hal_tim.o
                0x080083e6                HAL_TIM_OC_DelayElapsedCallback
 .text.HAL_TIM_IC_CaptureCallback
                0x080083fa       0x14 ./Drivers/STM32L4xx_HAL_Driver/Src/stm32l4xx_hal_tim.o
                0x080083fa                HAL_TIM_IC_CaptureCallback
 .text.HAL_TIM_PWM_PulseFinishedHalfCpltCallback
                0x0800840e       0x14 ./Drivers/STM32L4xx_HAL_Driver/Src/stm32l4xx_hal_tim.o
                0x0800840e                HAL_TIM_PWM_PulseFinishedHalfCpltCallback
 .text.HAL_TIM_TriggerCallback
                0x08008422       0x14 ./Drivers/STM32L4xx_HAL_Driver/Src/stm32l4xx_hal_tim.o
                0x08008422                HAL_TIM_TriggerCallback
 .text.HAL_TIM_ErrorCallback
                0x08008436       0x14 ./Drivers/STM32L4xx_HAL_Driver/Src/stm32l4xx_hal_tim.o
                0x08008436                HAL_TIM_ErrorCallback
 .text.TIM_DMAError
                0x0800844a       0x92 ./Drivers/STM32L4xx_HAL_Driver/Src/stm32l4xx_hal_tim.o
                0x0800844a                TIM_DMAError
 .text.TIM_DMADelayPulseCplt
                0x080084dc       0xa8 ./Drivers/STM32L4xx_HAL_Driver/Src/stm32l4xx_hal_tim.o
 .text.TIM_DMADelayPulseHalfCplt
                0x08008584       0x68 ./Drivers/STM32L4xx_HAL_Driver/Src/stm32l4xx_hal_tim.o
                0x08008584                TIM_DMADelayPulseHalfCplt
 .text.TIM_Base_SetConfig
                0x080085ec      0x134 ./Drivers/STM32L4xx_HAL_Driver/Src/stm32l4xx_hal_tim.o
                0x080085ec                TIM_Base_SetConfig
 .text.TIM_OC1_SetConfig
                0x08008720      0x120 ./Drivers/STM32L4xx_HAL_Driver/Src/stm32l4xx_hal_tim.o
 .text.TIM_OC2_SetConfig
                0x08008840      0x114 ./Drivers/STM32L4xx_HAL_Driver/Src/stm32l4xx_hal_tim.o
                0x08008840                TIM_OC2_SetConfig
 .text.TIM_OC3_SetConfig
                0x08008954      0x110 ./Drivers/STM32L4xx_HAL_Driver/Src/stm32l4xx_hal_tim.o
 .text.TIM_OC4_SetConfig
                0x08008a64       0xd4 ./Drivers/STM32L4xx_HAL_Driver/Src/stm32l4xx_hal_tim.o
 .text.TIM_OC5_SetConfig
                0x08008b38       0xc8 ./Drivers/STM32L4xx_HAL_Driver/Src/stm32l4xx_hal_tim.o
 .text.TIM_OC6_SetConfig
                0x08008c00       0xcc ./Drivers/STM32L4xx_HAL_Driver/Src/stm32l4xx_hal_tim.o
 .text.TIM_TI1_ConfigInputStage
                0x08008ccc       0x5e ./Drivers/STM32L4xx_HAL_Driver/Src/stm32l4xx_hal_tim.o
 .text.TIM_TI2_ConfigInputStage
                0x08008d2a       0x60 ./Drivers/STM32L4xx_HAL_Driver/Src/stm32l4xx_hal_tim.o
 .text.TIM_ITRx_SetConfig
                0x08008d8a       0x36 ./Drivers/STM32L4xx_HAL_Driver/Src/stm32l4xx_hal_tim.o
 .text.TIM_ETR_SetConfig
                0x08008dc0       0x40 ./Drivers/STM32L4xx_HAL_Driver/Src/stm32l4xx_hal_tim.o
                0x08008dc0                TIM_ETR_SetConfig
 .text.TIM_CCxChannelCmd
                0x08008e00       0x4a ./Drivers/STM32L4xx_HAL_Driver/Src/stm32l4xx_hal_tim.o
                0x08008e00                TIM_CCxChannelCmd
 *fill*         0x08008e4a        0x2 
 .text.HAL_TIMEx_MasterConfigSynchronization
                0x08008e4c      0x110 ./Drivers/STM32L4xx_HAL_Driver/Src/stm32l4xx_hal_tim_ex.o
                0x08008e4c                HAL_TIMEx_MasterConfigSynchronization
 .text.HAL_TIMEx_ConfigBreakDeadTime
                0x08008f5c       0xfc ./Drivers/STM32L4xx_HAL_Driver/Src/stm32l4xx_hal_tim_ex.o
                0x08008f5c                HAL_TIMEx_ConfigBreakDeadTime
 .text.HAL_TIMEx_CommutCallback
                0x08009058       0x14 ./Drivers/STM32L4xx_HAL_Driver/Src/stm32l4xx_hal_tim_ex.o
                0x08009058                HAL_TIMEx_CommutCallback
 .text.HAL_TIMEx_BreakCallback
                0x0800906c       0x14 ./Drivers/STM32L4xx_HAL_Driver/Src/stm32l4xx_hal_tim_ex.o
                0x0800906c                HAL_TIMEx_BreakCallback
 .text.HAL_TIMEx_Break2Callback
                0x08009080       0x14 ./Drivers/STM32L4xx_HAL_Driver/Src/stm32l4xx_hal_tim_ex.o
                0x08009080                HAL_TIMEx_Break2Callback
 .text.HAL_UART_Init
                0x08009094       0x9c ./Drivers/STM32L4xx_HAL_Driver/Src/stm32l4xx_hal_uart.o
                0x08009094                HAL_UART_Init
 .text.HAL_UART_Transmit
                0x08009130      0x112 ./Drivers/STM32L4xx_HAL_Driver/Src/stm32l4xx_hal_uart.o
                0x08009130                HAL_UART_Transmit
 *fill*         0x08009242        0x2 
 .text.HAL_UART_Receive_IT
                0x08009244       0x98 ./Drivers/STM32L4xx_HAL_Driver/Src/stm32l4xx_hal_uart.o
                0x08009244                HAL_UART_Receive_IT
 .text.HAL_UART_IRQHandler
                0x080092dc      0x5d4 ./Drivers/STM32L4xx_HAL_Driver/Src/stm32l4xx_hal_uart.o
                0x080092dc                HAL_UART_IRQHandler
 .text.HAL_UART_TxCpltCallback
                0x080098b0       0x14 ./Drivers/STM32L4xx_HAL_Driver/Src/stm32l4xx_hal_uart.o
                0x080098b0                HAL_UART_TxCpltCallback
 .text.HAL_UART_ErrorCallback
                0x080098c4       0x14 ./Drivers/STM32L4xx_HAL_Driver/Src/stm32l4xx_hal_uart.o
                0x080098c4                HAL_UART_ErrorCallback
 .text.HAL_UARTEx_RxEventCallback
                0x080098d8       0x18 ./Drivers/STM32L4xx_HAL_Driver/Src/stm32l4xx_hal_uart.o
                0x080098d8                HAL_UARTEx_RxEventCallback
 .text.UART_SetConfig
                0x080098f0      0x570 ./Drivers/STM32L4xx_HAL_Driver/Src/stm32l4xx_hal_uart.o
                0x080098f0                UART_SetConfig
 .text.UART_AdvFeatureConfig
                0x08009e60      0x144 ./Drivers/STM32L4xx_HAL_Driver/Src/stm32l4xx_hal_uart.o
                0x08009e60                UART_AdvFeatureConfig
 .text.UART_CheckIdleState
                0x08009fa4      0x150 ./Drivers/STM32L4xx_HAL_Driver/Src/stm32l4xx_hal_uart.o
                0x08009fa4                UART_CheckIdleState
 .text.UART_WaitOnFlagUntilTimeout
                0x0800a0f4       0xce ./Drivers/STM32L4xx_HAL_Driver/Src/stm32l4xx_hal_uart.o
                0x0800a0f4                UART_WaitOnFlagUntilTimeout
 *fill*         0x0800a1c2        0x2 
 .text.UART_Start_Receive_IT
                0x0800a1c4      0x18c ./Drivers/STM32L4xx_HAL_Driver/Src/stm32l4xx_hal_uart.o
                0x0800a1c4                UART_Start_Receive_IT
 .text.UART_EndRxTransfer
                0x0800a350       0xc8 ./Drivers/STM32L4xx_HAL_Driver/Src/stm32l4xx_hal_uart.o
 .text.UART_DMAAbortOnError
                0x0800a418       0x2c ./Drivers/STM32L4xx_HAL_Driver/Src/stm32l4xx_hal_uart.o
 .text.UART_EndTransmit_IT
                0x0800a444       0x54 ./Drivers/STM32L4xx_HAL_Driver/Src/stm32l4xx_hal_uart.o
 .text.UART_RxISR_8BIT
                0x0800a498      0x1bc ./Drivers/STM32L4xx_HAL_Driver/Src/stm32l4xx_hal_uart.o
 .text.UART_RxISR_16BIT
                0x0800a654      0x1bc ./Drivers/STM32L4xx_HAL_Driver/Src/stm32l4xx_hal_uart.o
 .text.HAL_UARTEx_WakeupCallback
                0x0800a810       0x14 ./Drivers/STM32L4xx_HAL_Driver/Src/stm32l4xx_hal_uart_ex.o
                0x0800a810                HAL_UARTEx_WakeupCallback
 .text.MX_FATFS_Init
                0x0800a824       0x24 ./FATFS/App/fatfs.o
                0x0800a824                MX_FATFS_Init
 .text.USER_initialize
                0x0800a848       0x1c ./FATFS/Target/user_diskio.o
                0x0800a848                USER_initialize
 .text.USER_status
                0x0800a864       0x1c ./FATFS/Target/user_diskio.o
                0x0800a864                USER_status
 .text.USER_read
                0x0800a880       0x26 ./FATFS/Target/user_diskio.o
                0x0800a880                USER_read
 .text.USER_write
                0x0800a8a6       0x26 ./FATFS/Target/user_diskio.o
                0x0800a8a6                USER_write
 .text.USER_ioctl
                0x0800a8cc       0x26 ./FATFS/Target/user_diskio.o
                0x0800a8cc                USER_ioctl
 .text.FreeRTOS_CLIRegisterCommand
                0x0800a8f2       0x6c ./FreeRTOS-CLI/FreeRTOS_CLI.o
                0x0800a8f2                FreeRTOS_CLIRegisterCommand
 *fill*         0x0800a95e        0x2 
 .text.FreeRTOS_CLIProcessCommand
                0x0800a960      0x10c ./FreeRTOS-CLI/FreeRTOS_CLI.o
                0x0800a960                FreeRTOS_CLIProcessCommand
 .text.FreeRTOS_CLIGetParameter
                0x0800aa6c       0xb2 ./FreeRTOS-CLI/FreeRTOS_CLI.o
                0x0800aa6c                FreeRTOS_CLIGetParameter
 *fill*         0x0800ab1e        0x2 
 .text.prvRegisterCommand
                0x0800ab20       0x74 ./FreeRTOS-CLI/FreeRTOS_CLI.o
 .text.prvHelpCommand
                0x0800ab94       0x5c ./FreeRTOS-CLI/FreeRTOS_CLI.o
 .text.prvGetNumberOfParameters
                0x0800abf0       0x66 ./FreeRTOS-CLI/FreeRTOS_CLI.o
 *fill*         0x0800ac56        0x2 
 .text.FATFS_LinkDriverEx
                0x0800ac58       0x98 ./Middlewares/Third_Party/FatFs/src/ff_gen_drv.o
                0x0800ac58                FATFS_LinkDriverEx
 .text.FATFS_LinkDriver
                0x0800acf0       0x1e ./Middlewares/Third_Party/FatFs/src/ff_gen_drv.o
                0x0800acf0                FATFS_LinkDriver
 *fill*         0x0800ad0e        0x2 
 .text.__NVIC_SetPriority
                0x0800ad10       0x54 ./Middlewares/Third_Party/FreeRTOS/Source/CMSIS_RTOS_V2/cmsis_os2.o
 .text.SysTick_Handler
                0x0800ad64       0x20 ./Middlewares/Third_Party/FreeRTOS/Source/CMSIS_RTOS_V2/cmsis_os2.o
                0x0800ad64                SysTick_Handler
 .text.SVC_Setup
                0x0800ad84       0x12 ./Middlewares/Third_Party/FreeRTOS/Source/CMSIS_RTOS_V2/cmsis_os2.o
 *fill*         0x0800ad96        0x2 
 .text.osKernelInitialize
                0x0800ad98       0x48 ./Middlewares/Third_Party/FreeRTOS/Source/CMSIS_RTOS_V2/cmsis_os2.o
                0x0800ad98                osKernelInitialize
 .text.osKernelStart
                0x0800ade0       0x4c ./Middlewares/Third_Party/FreeRTOS/Source/CMSIS_RTOS_V2/cmsis_os2.o
                0x0800ade0                osKernelStart
 .text.osThreadNew
                0x0800ae2c      0x124 ./Middlewares/Third_Party/FreeRTOS/Source/CMSIS_RTOS_V2/cmsis_os2.o
                0x0800ae2c                osThreadNew
 .text.osDelay  0x0800af50       0x36 ./Middlewares/Third_Party/FreeRTOS/Source/CMSIS_RTOS_V2/cmsis_os2.o
                0x0800af50                osDelay
 .text.osMutexNew
                0x0800af86      0x10c ./Middlewares/Third_Party/FreeRTOS/Source/CMSIS_RTOS_V2/cmsis_os2.o
                0x0800af86                osMutexNew
 .text.osMutexAcquire
                0x0800b092       0x96 ./Middlewares/Third_Party/FreeRTOS/Source/CMSIS_RTOS_V2/cmsis_os2.o
                0x0800b092                osMutexAcquire
 .text.osMutexRelease
                0x0800b128       0x7a ./Middlewares/Third_Party/FreeRTOS/Source/CMSIS_RTOS_V2/cmsis_os2.o
                0x0800b128                osMutexRelease
 *fill*         0x0800b1a2        0x2 
 .text.vApplicationGetIdleTaskMemory
                0x0800b1a4       0x34 ./Middlewares/Third_Party/FreeRTOS/Source/CMSIS_RTOS_V2/cmsis_os2.o
                0x0800b1a4                vApplicationGetIdleTaskMemory
 .text.vApplicationGetTimerTaskMemory
                0x0800b1d8       0x34 ./Middlewares/Third_Party/FreeRTOS/Source/CMSIS_RTOS_V2/cmsis_os2.o
                0x0800b1d8                vApplicationGetTimerTaskMemory
 .text.vListInitialise
                0x0800b20c       0x40 ./Middlewares/Third_Party/FreeRTOS/Source/list.o
                0x0800b20c                vListInitialise
 .text.vListInitialiseItem
                0x0800b24c       0x1a ./Middlewares/Third_Party/FreeRTOS/Source/list.o
                0x0800b24c                vListInitialiseItem
 .text.vListInsertEnd
                0x0800b266       0x48 ./Middlewares/Third_Party/FreeRTOS/Source/list.o
                0x0800b266                vListInsertEnd
 .text.vListInsert
                0x0800b2ae       0x72 ./Middlewares/Third_Party/FreeRTOS/Source/list.o
                0x0800b2ae                vListInsert
 .text.uxListRemove
                0x0800b320       0x54 ./Middlewares/Third_Party/FreeRTOS/Source/list.o
                0x0800b320                uxListRemove
 .text.xQueueGenericReset
                0x0800b374       0xd4 ./Middlewares/Third_Party/FreeRTOS/Source/queue.o
                0x0800b374                xQueueGenericReset
 .text.xQueueGenericCreateStatic
                0x0800b448       0xfa ./Middlewares/Third_Party/FreeRTOS/Source/queue.o
                0x0800b448                xQueueGenericCreateStatic
 .text.xQueueGenericCreate
                0x0800b542       0x76 ./Middlewares/Third_Party/FreeRTOS/Source/queue.o
                0x0800b542                xQueueGenericCreate
 .text.prvInitialiseNewQueue
                0x0800b5b8       0x46 ./Middlewares/Third_Party/FreeRTOS/Source/queue.o
 .text.prvInitialiseMutex
                0x0800b5fe       0x34 ./Middlewares/Third_Party/FreeRTOS/Source/queue.o
 .text.xQueueCreateMutex
                0x0800b632       0x30 ./Middlewares/Third_Party/FreeRTOS/Source/queue.o
                0x0800b632                xQueueCreateMutex
 .text.xQueueCreateMutexStatic
                0x0800b662       0x36 ./Middlewares/Third_Party/FreeRTOS/Source/queue.o
                0x0800b662                xQueueCreateMutexStatic
 .text.xQueueGiveMutexRecursive
                0x0800b698       0x6a ./Middlewares/Third_Party/FreeRTOS/Source/queue.o
                0x0800b698                xQueueGiveMutexRecursive
 .text.xQueueTakeMutexRecursive
                0x0800b702       0x6e ./Middlewares/Third_Party/FreeRTOS/Source/queue.o
                0x0800b702                xQueueTakeMutexRecursive
 .text.xQueueGenericSend
                0x0800b770      0x204 ./Middlewares/Third_Party/FreeRTOS/Source/queue.o
                0x0800b770                xQueueGenericSend
 .text.xQueueGenericSendFromISR
                0x0800b974      0x13c ./Middlewares/Third_Party/FreeRTOS/Source/queue.o
                0x0800b974                xQueueGenericSendFromISR
 .text.xQueueReceive
                0x0800bab0      0x1c4 ./Middlewares/Third_Party/FreeRTOS/Source/queue.o
                0x0800bab0                xQueueReceive
 .text.xQueueSemaphoreTake
                0x0800bc74      0x220 ./Middlewares/Third_Party/FreeRTOS/Source/queue.o
                0x0800bc74                xQueueSemaphoreTake
 .text.prvGetDisinheritPriorityAfterTimeout
                0x0800be94       0x30 ./Middlewares/Third_Party/FreeRTOS/Source/queue.o
 .text.prvCopyDataToQueue
                0x0800bec4       0xd4 ./Middlewares/Third_Party/FreeRTOS/Source/queue.o
 .text.prvCopyDataFromQueue
                0x0800bf98       0x4c ./Middlewares/Third_Party/FreeRTOS/Source/queue.o
 .text.prvUnlockQueue
                0x0800bfe4       0xa4 ./Middlewares/Third_Party/FreeRTOS/Source/queue.o
 .text.prvIsQueueEmpty
                0x0800c088       0x2c ./Middlewares/Third_Party/FreeRTOS/Source/queue.o
 .text.prvIsQueueFull
                0x0800c0b4       0x30 ./Middlewares/Third_Party/FreeRTOS/Source/queue.o
 .text.vQueueAddToRegistry
                0x0800c0e4       0x54 ./Middlewares/Third_Party/FreeRTOS/Source/queue.o
                0x0800c0e4                vQueueAddToRegistry
 .text.vQueueWaitForMessageRestricted
                0x0800c138       0x68 ./Middlewares/Third_Party/FreeRTOS/Source/queue.o
                0x0800c138                vQueueWaitForMessageRestricted
 .text.xTaskCreateStatic
                0x0800c1a0       0xc0 ./Middlewares/Third_Party/FreeRTOS/Source/tasks.o
                0x0800c1a0                xTaskCreateStatic
 .text.xTaskCreate
                0x0800c260       0x8a ./Middlewares/Third_Party/FreeRTOS/Source/tasks.o
                0x0800c260                xTaskCreate
 *fill*         0x0800c2ea        0x2 
 .text.prvInitialiseNewTask
                0x0800c2ec      0x150 ./Middlewares/Third_Party/FreeRTOS/Source/tasks.o
 .text.prvAddNewTaskToReadyList
                0x0800c43c       0xe0 ./Middlewares/Third_Party/FreeRTOS/Source/tasks.o
 .text.vTaskDelay
                0x0800c51c       0x6c ./Middlewares/Third_Party/FreeRTOS/Source/tasks.o
                0x0800c51c                vTaskDelay
 .text.eTaskGetState
                0x0800c588       0xd0 ./Middlewares/Third_Party/FreeRTOS/Source/tasks.o
                0x0800c588                eTaskGetState
 .text.vTaskStartScheduler
                0x0800c658       0xe0 ./Middlewares/Third_Party/FreeRTOS/Source/tasks.o
                0x0800c658                vTaskStartScheduler
 .text.vTaskSuspendAll
                0x0800c738       0x1c ./Middlewares/Third_Party/FreeRTOS/Source/tasks.o
                0x0800c738                vTaskSuspendAll
 .text.xTaskResumeAll
                0x0800c754      0x13c ./Middlewares/Third_Party/FreeRTOS/Source/tasks.o
                0x0800c754                xTaskResumeAll
 .text.xTaskGetTickCount
                0x0800c890       0x20 ./Middlewares/Third_Party/FreeRTOS/Source/tasks.o
                0x0800c890                xTaskGetTickCount
 .text.uxTaskGetSystemState
                0x0800c8b0      0x11c ./Middlewares/Third_Party/FreeRTOS/Source/tasks.o
                0x0800c8b0                uxTaskGetSystemState
 .text.xTaskIncrementTick
                0x0800c9cc      0x174 ./Middlewares/Third_Party/FreeRTOS/Source/tasks.o
                0x0800c9cc                xTaskIncrementTick
 .text.vTaskSwitchContext
                0x0800cb40       0xcc ./Middlewares/Third_Party/FreeRTOS/Source/tasks.o
                0x0800cb40                vTaskSwitchContext
 .text.vTaskPlaceOnEventList
                0x0800cc0c       0x4c ./Middlewares/Third_Party/FreeRTOS/Source/tasks.o
                0x0800cc0c                vTaskPlaceOnEventList
 .text.vTaskPlaceOnEventListRestricted
                0x0800cc58       0x58 ./Middlewares/Third_Party/FreeRTOS/Source/tasks.o
                0x0800cc58                vTaskPlaceOnEventListRestricted
 .text.xTaskRemoveFromEventList
                0x0800ccb0       0xc8 ./Middlewares/Third_Party/FreeRTOS/Source/tasks.o
                0x0800ccb0                xTaskRemoveFromEventList
 .text.vTaskInternalSetTimeOutState
                0x0800cd78       0x2c ./Middlewares/Third_Party/FreeRTOS/Source/tasks.o
                0x0800cd78                vTaskInternalSetTimeOutState
 .text.xTaskCheckForTimeOut
                0x0800cda4       0xc8 ./Middlewares/Third_Party/FreeRTOS/Source/tasks.o
                0x0800cda4                xTaskCheckForTimeOut
 .text.vTaskMissedYield
                0x0800ce6c       0x18 ./Middlewares/Third_Party/FreeRTOS/Source/tasks.o
                0x0800ce6c                vTaskMissedYield
 .text.prvIdleTask
                0x0800ce84       0x30 ./Middlewares/Third_Party/FreeRTOS/Source/tasks.o
 .text.prvInitialiseTaskLists
                0x0800ceb4       0x80 ./Middlewares/Third_Party/FreeRTOS/Source/tasks.o
 .text.prvCheckTasksWaitingTermination
                0x0800cf34       0x5c ./Middlewares/Third_Party/FreeRTOS/Source/tasks.o
 .text.vTaskGetInfo
                0x0800cf90       0xcc ./Middlewares/Third_Party/FreeRTOS/Source/tasks.o
                0x0800cf90                vTaskGetInfo
 .text.prvListTasksWithinSingleList
                0x0800d05c       0xa4 ./Middlewares/Third_Party/FreeRTOS/Source/tasks.o
 .text.prvTaskCheckFreeStackSpace
                0x0800d100       0x38 ./Middlewares/Third_Party/FreeRTOS/Source/tasks.o
 .text.prvDeleteTCB
                0x0800d138       0x6a ./Middlewares/Third_Party/FreeRTOS/Source/tasks.o
 *fill*         0x0800d1a2        0x2 
 .text.prvResetNextTaskUnblockTime
                0x0800d1a4       0x40 ./Middlewares/Third_Party/FreeRTOS/Source/tasks.o
 .text.xTaskGetCurrentTaskHandle
                0x0800d1e4       0x20 ./Middlewares/Third_Party/FreeRTOS/Source/tasks.o
                0x0800d1e4                xTaskGetCurrentTaskHandle
 .text.xTaskGetSchedulerState
                0x0800d204       0x3c ./Middlewares/Third_Party/FreeRTOS/Source/tasks.o
                0x0800d204                xTaskGetSchedulerState
 .text.xTaskPriorityInherit
                0x0800d240       0xd0 ./Middlewares/Third_Party/FreeRTOS/Source/tasks.o
                0x0800d240                xTaskPriorityInherit
 .text.xTaskPriorityDisinherit
                0x0800d310       0xe0 ./Middlewares/Third_Party/FreeRTOS/Source/tasks.o
                0x0800d310                xTaskPriorityDisinherit
 .text.vTaskPriorityDisinheritAfterTimeout
                0x0800d3f0      0x108 ./Middlewares/Third_Party/FreeRTOS/Source/tasks.o
                0x0800d3f0                vTaskPriorityDisinheritAfterTimeout
 .text.prvWriteNameToBuffer
                0x0800d4f8       0x4a ./Middlewares/Third_Party/FreeRTOS/Source/tasks.o
 *fill*         0x0800d542        0x2 
 .text.vTaskList
                0x0800d544      0x12c ./Middlewares/Third_Party/FreeRTOS/Source/tasks.o
                0x0800d544                vTaskList
 .text.pvTaskIncrementMutexHeldCount
                0x0800d670       0x28 ./Middlewares/Third_Party/FreeRTOS/Source/tasks.o
                0x0800d670                pvTaskIncrementMutexHeldCount
 .text.prvAddCurrentTaskToDelayedList
                0x0800d698       0xa8 ./Middlewares/Third_Party/FreeRTOS/Source/tasks.o
 .text.xTimerCreateTimerTask
                0x0800d740       0x94 ./Middlewares/Third_Party/FreeRTOS/Source/timers.o
                0x0800d740                xTimerCreateTimerTask
 .text.xTimerGenericCommand
                0x0800d7d4       0x9c ./Middlewares/Third_Party/FreeRTOS/Source/timers.o
                0x0800d7d4                xTimerGenericCommand
 .text.prvProcessExpiredTimer
                0x0800d870       0x9c ./Middlewares/Third_Party/FreeRTOS/Source/timers.o
 .text.prvTimerTask
                0x0800d90c       0x26 ./Middlewares/Third_Party/FreeRTOS/Source/timers.o
 *fill*         0x0800d932        0x2 
 .text.prvProcessTimerOrBlockTask
                0x0800d934       0x9c ./Middlewares/Third_Party/FreeRTOS/Source/timers.o
 .text.prvGetNextExpireTime
                0x0800d9d0       0x48 ./Middlewares/Third_Party/FreeRTOS/Source/timers.o
 .text.prvSampleTimeNow
                0x0800da18       0x40 ./Middlewares/Third_Party/FreeRTOS/Source/timers.o
 .text.prvInsertTimerInActiveList
                0x0800da58       0x84 ./Middlewares/Third_Party/FreeRTOS/Source/timers.o
 .text.prvProcessReceivedCommands
                0x0800dadc      0x1cc ./Middlewares/Third_Party/FreeRTOS/Source/timers.o
 .text.prvSwitchTimerLists
                0x0800dca8       0xcc ./Middlewares/Third_Party/FreeRTOS/Source/timers.o
 .text.prvCheckForValidListAndQueue
                0x0800dd74       0x80 ./Middlewares/Third_Party/FreeRTOS/Source/timers.o
 .text.pxPortInitialiseStack
                0x0800ddf4       0x68 ./Middlewares/Third_Party/FreeRTOS/Source/portable/GCC/ARM_CM4F/port.o
                0x0800ddf4                pxPortInitialiseStack
 .text.prvTaskExitError
                0x0800de5c       0x5c ./Middlewares/Third_Party/FreeRTOS/Source/portable/GCC/ARM_CM4F/port.o
 *fill*         0x0800deb8        0x8 
 .text.SVC_Handler
                0x0800dec0       0x28 ./Middlewares/Third_Party/FreeRTOS/Source/portable/GCC/ARM_CM4F/port.o
                0x0800dec0                SVC_Handler
 .text.prvPortStartFirstTask
                0x0800dee8       0x28 ./Middlewares/Third_Party/FreeRTOS/Source/portable/GCC/ARM_CM4F/port.o
 .text.xPortStartScheduler
                0x0800df10      0x148 ./Middlewares/Third_Party/FreeRTOS/Source/portable/GCC/ARM_CM4F/port.o
                0x0800df10                xPortStartScheduler
 .text.vPortEnterCritical
                0x0800e058       0x64 ./Middlewares/Third_Party/FreeRTOS/Source/portable/GCC/ARM_CM4F/port.o
                0x0800e058                vPortEnterCritical
 .text.vPortExitCritical
                0x0800e0bc       0x54 ./Middlewares/Third_Party/FreeRTOS/Source/portable/GCC/ARM_CM4F/port.o
                0x0800e0bc                vPortExitCritical
 .text.PendSV_Handler
                0x0800e110       0x68 ./Middlewares/Third_Party/FreeRTOS/Source/portable/GCC/ARM_CM4F/port.o
                0x0800e110                PendSV_Handler
 .text.xPortSysTickHandler
                0x0800e178       0x44 ./Middlewares/Third_Party/FreeRTOS/Source/portable/GCC/ARM_CM4F/port.o
                0x0800e178                xPortSysTickHandler
 .text.vPortSetupTimerInterrupt
                0x0800e1bc       0x48 ./Middlewares/Third_Party/FreeRTOS/Source/portable/GCC/ARM_CM4F/port.o
                0x0800e1bc                vPortSetupTimerInterrupt
 .text.vPortEnableVFP
                0x0800e204       0x14 ./Middlewares/Third_Party/FreeRTOS/Source/portable/GCC/ARM_CM4F/port.o
 .text.vPortValidateInterruptPriority
                0x0800e218       0x84 ./Middlewares/Third_Party/FreeRTOS/Source/portable/GCC/ARM_CM4F/port.o
                0x0800e218                vPortValidateInterruptPriority
 .text.pvPortMalloc
                0x0800e29c      0x19c ./Middlewares/Third_Party/FreeRTOS/Source/portable/MemMang/heap_4.o
                0x0800e29c                pvPortMalloc
 .text.vPortFree
                0x0800e438       0xc8 ./Middlewares/Third_Party/FreeRTOS/Source/portable/MemMang/heap_4.o
                0x0800e438                vPortFree
 .text.prvHeapInit
                0x0800e500       0xc4 ./Middlewares/Third_Party/FreeRTOS/Source/portable/MemMang/heap_4.o
 .text.prvInsertBlockIntoFreeList
                0x0800e5c4       0xb4 ./Middlewares/Third_Party/FreeRTOS/Source/portable/MemMang/heap_4.o
 .text.init_analog_mng
                0x0800e678       0x20 ./modules/analogic/analog_mng.o
                0x0800e678                init_analog_mng
 .text.HAL_ADC_ConvCpltCallback
                0x0800e698       0x20 ./modules/analogic/analog_mng.o
                0x0800e698                HAL_ADC_ConvCpltCallback
 .text.getAnalogMeasure
                0x0800e6b8      0x1a8 ./modules/analogic/analog_mng.o
                0x0800e6b8                getAnalogMeasure
 .text.buzzerMNG_init
                0x0800e860       0x4c ./modules/buzzer/buzzer.o
                0x0800e860                buzzerMNG_init
 .text.buzzerMNG_start
                0x0800e8ac       0x20 ./modules/buzzer/buzzer.o
                0x0800e8ac                buzzerMNG_start
 .text.buzzerMNG_stop
                0x0800e8cc       0x20 ./modules/buzzer/buzzer.o
                0x0800e8cc                buzzerMNG_stop
 .text.buzzerMNG_setfrequency
                0x0800e8ec       0xa8 ./modules/buzzer/buzzer.o
                0x0800e8ec                buzzerMNG_setfrequency
 *fill*         0x0800e994        0x4 
 .text.buzzerMNG_playSong
                0x0800e998      0x1ec ./modules/buzzer/buzzer.o
                0x0800e998                buzzerMNG_playSong
 .text.buzzerMNG_setTimeBaseFreq
                0x0800eb84       0x60 ./modules/buzzer/buzzer.o
                0x0800eb84                buzzerMNG_setTimeBaseFreq
 .text.ipower   0x0800ebe4       0x54 ./modules/buzzer/buzzer.o
                0x0800ebe4                ipower
 .text.vCommandConsoleTask
                0x0800ec38      0x158 ./modules/command/cli.o
                0x0800ec38                vCommandConsoleTask
 .text.cmd_ok   0x0800ed90       0x30 ./modules/command/cli.o
 .text.cmd_led  0x0800edc0      0x258 ./modules/command/cli.o
 .text.CmdServo
                0x0800f018       0xb0 ./modules/command/cli.o
 .text.cmd_buzzer
                0x0800f0c8       0xe4 ./modules/command/cli.o
 .text.CmdClock
                0x0800f1ac      0x1d0 ./modules/command/cli.o
 .text.prvTaskStatsCommand
                0x0800f37c       0x58 ./modules/command/cli.o
 .text.vRegisterCLICommands
                0x0800f3d4       0x44 ./modules/command/cli.o
                0x0800f3d4                vRegisterCLICommands
 .text.HAL_UART_RxCpltCallback
                0x0800f418       0x24 ./modules/command/cli.o
                0x0800f418                HAL_UART_RxCpltCallback
 .text.clear    0x0800f43c       0x1e ./modules/lcd/grove_lcd.o
                0x0800f43c                clear
 .text.setCursor
                0x0800f45a       0x3c ./modules/lcd/grove_lcd.o
                0x0800f45a                setCursor
 .text.command  0x0800f496       0x30 ./modules/lcd/grove_lcd.o
                0x0800f496                command
 .text.write    0x0800f4c6       0x30 ./modules/lcd/grove_lcd.o
                0x0800f4c6                write
 *fill*         0x0800f4f6        0x2 
 .text.display  0x0800f4f8       0x34 ./modules/lcd/grove_lcd.o
                0x0800f4f8                display
 .text.writeMsg
                0x0800f52c       0x52 ./modules/lcd/grove_lcd.o
                0x0800f52c                writeMsg
 *fill*         0x0800f57e        0x2 
 .text.lcd_init
                0x0800f580      0x10c ./modules/lcd/grove_lcd.o
                0x0800f580                lcd_init
 .text.WS28i3Init
                0x0800f68c       0x20 ./modules/rgb_led/grove_ws2813.o
                0x0800f68c                WS28i3Init
 .text.WS28i3SetColor
                0x0800f6ac       0xf0 ./modules/rgb_led/grove_ws2813.o
                0x0800f6ac                WS28i3SetColor
 .text.WS28i3SetColorval
                0x0800f79c       0x80 ./modules/rgb_led/grove_ws2813.o
                0x0800f79c                WS28i3SetColorval
 .text.DS1307setDateTime
                0x0800f81c       0xc4 ./modules/rtc/DS1307.o
                0x0800f81c                DS1307setDateTime
 .text.dateFormat
                0x0800f8e0      0x440 ./modules/rtc/DS1307.o
                0x0800f8e0                dateFormat
 .text.getDateTime
                0x0800fd20      0x128 ./modules/rtc/DS1307.o
                0x0800fd20                getDateTime
 .text.bcd2dec  0x0800fe48       0x32 ./modules/rtc/DS1307.o
                0x0800fe48                bcd2dec
 *fill*         0x0800fe7a        0x2 
 .text.dec2bcd  0x0800fe7c       0x44 ./modules/rtc/DS1307.o
                0x0800fe7c                dec2bcd
 .text.strDayOfWeek
                0x0800fec0       0x80 ./modules/rtc/DS1307.o
                0x0800fec0                strDayOfWeek
 .text.strMonth
                0x0800ff40       0xbc ./modules/rtc/DS1307.o
                0x0800ff40                strMonth
 .text.strAmPm  0x0800fffc       0x4c ./modules/rtc/DS1307.o
                0x0800fffc                strAmPm
 .text.strDaySufix
                0x08010048       0x88 ./modules/rtc/DS1307.o
                0x08010048                strDaySufix
 .text.hour12   0x080100d0       0x30 ./modules/rtc/DS1307.o
                0x080100d0                hour12
 .text.time2long
                0x08010100       0x54 ./modules/rtc/DS1307.o
                0x08010100                time2long
 .text.dayInYear
                0x08010154       0x42 ./modules/rtc/DS1307.o
                0x08010154                dayInYear
 .text.isLeapYear
                0x08010196       0x28 ./modules/rtc/DS1307.o
                0x08010196                isLeapYear
 *fill*         0x080101be        0x2 
 .text.daysInMonth
                0x080101c0       0x44 ./modules/rtc/DS1307.o
                0x080101c0                daysInMonth
 .text.date2days
                0x08010204       0x9c ./modules/rtc/DS1307.o
                0x08010204                date2days
 .text.unixtime
                0x080102a0       0x4c ./modules/rtc/DS1307.o
                0x080102a0                unixtime
 .text.dow      0x080102ec       0x98 ./modules/rtc/DS1307.o
                0x080102ec                dow
 .text.DS1307Init
                0x08010384       0x58 ./modules/rtc/DS1307.o
                0x08010384                DS1307Init
 .text.SPI_Timer_On
                0x080103dc       0x28 ./modules/sdcard/user_diskio_spi.o
                0x080103dc                SPI_Timer_On
 .text.SPI_Timer_Status
                0x08010404       0x2c ./modules/sdcard/user_diskio_spi.o
                0x08010404                SPI_Timer_Status
 .text.xchg_spi
                0x08010430       0x2c ./modules/sdcard/user_diskio_spi.o
 .text.rcvr_spi_multi
                0x0801045c       0x38 ./modules/sdcard/user_diskio_spi.o
 .text.xmit_spi_multi
                0x08010494       0x28 ./modules/sdcard/user_diskio_spi.o
 .text.wait_ready
                0x080104bc       0x46 ./modules/sdcard/user_diskio_spi.o
 *fill*         0x08010502        0x2 
 .text.despiselect
                0x08010504       0x1c ./modules/sdcard/user_diskio_spi.o
 .text.spiselect
                0x08010520       0x34 ./modules/sdcard/user_diskio_spi.o
 .text.rcvr_datablock
                0x08010554       0x52 ./modules/sdcard/user_diskio_spi.o
 .text.xmit_datablock
                0x080105a6       0x64 ./modules/sdcard/user_diskio_spi.o
 .text.send_cmd
                0x0801060a       0xde ./modules/sdcard/user_diskio_spi.o
 .text.USER_SPI_initialize
                0x080106e8      0x1d4 ./modules/sdcard/user_diskio_spi.o
                0x080106e8                USER_SPI_initialize
 .text.USER_SPI_status
                0x080108bc       0x2c ./modules/sdcard/user_diskio_spi.o
                0x080108bc                USER_SPI_status
 .text.USER_SPI_read
                0x080108e8       0xcc ./modules/sdcard/user_diskio_spi.o
                0x080108e8                USER_SPI_read
 .text.USER_SPI_write
                0x080109b4       0xf8 ./modules/sdcard/user_diskio_spi.o
                0x080109b4                USER_SPI_write
 .text.USER_SPI_ioctl
                0x08010aac      0x2e0 ./modules/sdcard/user_diskio_spi.o
                0x08010aac                USER_SPI_ioctl
 .text.servoMng_Init
                0x08010d8c       0x7c ./modules/servo/servo.o
                0x08010d8c                servoMng_Init
 .text.servoMng_Set
                0x08010e08       0x8c ./modules/servo/servo.o
                0x08010e08                servoMng_Set
 .text.servoMng_SetAngle
                0x08010e94       0xe8 ./modules/servo/servo.o
                0x08010e94                servoMng_SetAngle
 .text.HCSR04Init
                0x08010f7c       0x30 ./modules/ultrasonic_sensor/grove_HCSR04.o
                0x08010f7c                HCSR04Init
 .text.atoi     0x08010fac        0x8 C:/ST/STM32CubeIDE_1.12.1/STM32CubeIDE/plugins/com.st.stm32cube.ide.mcu.externaltools.gnu-tools-for-stm32.12.3.rel1.win32_1.0.200.202406191623/tools/bin/../lib/gcc/arm-none-eabi/12.3.1/../../../../arm-none-eabi/lib/thumb/v7e-m+fp/hard\libc_nano.a(libc_a-atoi.o)
                0x08010fac                atoi
 .text._strtol_l.constprop.0
                0x08010fb4       0xf4 C:/ST/STM32CubeIDE_1.12.1/STM32CubeIDE/plugins/com.st.stm32cube.ide.mcu.externaltools.gnu-tools-for-stm32.12.3.rel1.win32_1.0.200.202406191623/tools/bin/../lib/gcc/arm-none-eabi/12.3.1/../../../../arm-none-eabi/lib/thumb/v7e-m+fp/hard\libc_nano.a(libc_a-strtol.o)
 .text.strtol   0x080110a8       0x14 C:/ST/STM32CubeIDE_1.12.1/STM32CubeIDE/plugins/com.st.stm32cube.ide.mcu.externaltools.gnu-tools-for-stm32.12.3.rel1.win32_1.0.200.202406191623/tools/bin/../lib/gcc/arm-none-eabi/12.3.1/../../../../arm-none-eabi/lib/thumb/v7e-m+fp/hard\libc_nano.a(libc_a-strtol.o)
                0x080110a8                strtol
 .text.__sflush_r
                0x080110bc      0x108 C:/ST/STM32CubeIDE_1.12.1/STM32CubeIDE/plugins/com.st.stm32cube.ide.mcu.externaltools.gnu-tools-for-stm32.12.3.rel1.win32_1.0.200.202406191623/tools/bin/../lib/gcc/arm-none-eabi/12.3.1/../../../../arm-none-eabi/lib/thumb/v7e-m+fp/hard\libc_nano.a(libc_a-fflush.o)
                0x080110bc                __sflush_r
 .text._fflush_r
                0x080111c4       0x50 C:/ST/STM32CubeIDE_1.12.1/STM32CubeIDE/plugins/com.st.stm32cube.ide.mcu.externaltools.gnu-tools-for-stm32.12.3.rel1.win32_1.0.200.202406191623/tools/bin/../lib/gcc/arm-none-eabi/12.3.1/../../../../arm-none-eabi/lib/thumb/v7e-m+fp/hard\libc_nano.a(libc_a-fflush.o)
                0x080111c4                _fflush_r
 .text.fflush   0x08011214       0x28 C:/ST/STM32CubeIDE_1.12.1/STM32CubeIDE/plugins/com.st.stm32cube.ide.mcu.externaltools.gnu-tools-for-stm32.12.3.rel1.win32_1.0.200.202406191623/tools/bin/../lib/gcc/arm-none-eabi/12.3.1/../../../../arm-none-eabi/lib/thumb/v7e-m+fp/hard\libc_nano.a(libc_a-fflush.o)
                0x08011214                fflush
 .text.std      0x0801123c       0x6c C:/ST/STM32CubeIDE_1.12.1/STM32CubeIDE/plugins/com.st.stm32cube.ide.mcu.externaltools.gnu-tools-for-stm32.12.3.rel1.win32_1.0.200.202406191623/tools/bin/../lib/gcc/arm-none-eabi/12.3.1/../../../../arm-none-eabi/lib/thumb/v7e-m+fp/hard\libc_nano.a(libc_a-findfp.o)
 .text.stdio_exit_handler
                0x080112a8       0x18 C:/ST/STM32CubeIDE_1.12.1/STM32CubeIDE/plugins/com.st.stm32cube.ide.mcu.externaltools.gnu-tools-for-stm32.12.3.rel1.win32_1.0.200.202406191623/tools/bin/../lib/gcc/arm-none-eabi/12.3.1/../../../../arm-none-eabi/lib/thumb/v7e-m+fp/hard\libc_nano.a(libc_a-findfp.o)
 .text.cleanup_stdio
                0x080112c0       0x40 C:/ST/STM32CubeIDE_1.12.1/STM32CubeIDE/plugins/com.st.stm32cube.ide.mcu.externaltools.gnu-tools-for-stm32.12.3.rel1.win32_1.0.200.202406191623/tools/bin/../lib/gcc/arm-none-eabi/12.3.1/../../../../arm-none-eabi/lib/thumb/v7e-m+fp/hard\libc_nano.a(libc_a-findfp.o)
 .text.global_stdio_init.part.0
                0x08011300       0x3c C:/ST/STM32CubeIDE_1.12.1/STM32CubeIDE/plugins/com.st.stm32cube.ide.mcu.externaltools.gnu-tools-for-stm32.12.3.rel1.win32_1.0.200.202406191623/tools/bin/../lib/gcc/arm-none-eabi/12.3.1/../../../../arm-none-eabi/lib/thumb/v7e-m+fp/hard\libc_nano.a(libc_a-findfp.o)
 .text.__sfp_lock_acquire
                0x0801133c        0xc C:/ST/STM32CubeIDE_1.12.1/STM32CubeIDE/plugins/com.st.stm32cube.ide.mcu.externaltools.gnu-tools-for-stm32.12.3.rel1.win32_1.0.200.202406191623/tools/bin/../lib/gcc/arm-none-eabi/12.3.1/../../../../arm-none-eabi/lib/thumb/v7e-m+fp/hard\libc_nano.a(libc_a-findfp.o)
                0x0801133c                __sfp_lock_acquire
 .text.__sfp_lock_release
                0x08011348        0xc C:/ST/STM32CubeIDE_1.12.1/STM32CubeIDE/plugins/com.st.stm32cube.ide.mcu.externaltools.gnu-tools-for-stm32.12.3.rel1.win32_1.0.200.202406191623/tools/bin/../lib/gcc/arm-none-eabi/12.3.1/../../../../arm-none-eabi/lib/thumb/v7e-m+fp/hard\libc_nano.a(libc_a-findfp.o)
                0x08011348                __sfp_lock_release
 .text.__sinit  0x08011354       0x30 C:/ST/STM32CubeIDE_1.12.1/STM32CubeIDE/plugins/com.st.stm32cube.ide.mcu.externaltools.gnu-tools-for-stm32.12.3.rel1.win32_1.0.200.202406191623/tools/bin/../lib/gcc/arm-none-eabi/12.3.1/../../../../arm-none-eabi/lib/thumb/v7e-m+fp/hard\libc_nano.a(libc_a-findfp.o)
                0x08011354                __sinit
 .text._fwalk_sglue
                0x08011384       0x3c C:/ST/STM32CubeIDE_1.12.1/STM32CubeIDE/plugins/com.st.stm32cube.ide.mcu.externaltools.gnu-tools-for-stm32.12.3.rel1.win32_1.0.200.202406191623/tools/bin/../lib/gcc/arm-none-eabi/12.3.1/../../../../arm-none-eabi/lib/thumb/v7e-m+fp/hard\libc_nano.a(libc_a-fwalk.o)
                0x08011384                _fwalk_sglue
 .text.printf   0x080113c0       0x24 C:/ST/STM32CubeIDE_1.12.1/STM32CubeIDE/plugins/com.st.stm32cube.ide.mcu.externaltools.gnu-tools-for-stm32.12.3.rel1.win32_1.0.200.202406191623/tools/bin/../lib/gcc/arm-none-eabi/12.3.1/../../../../arm-none-eabi/lib/thumb/v7e-m+fp/hard\libc_nano.a(libc_a-printf.o)
                0x080113c0                iprintf
                0x080113c0                printf
 .text.putchar  0x080113e4       0x10 C:/ST/STM32CubeIDE_1.12.1/STM32CubeIDE/plugins/com.st.stm32cube.ide.mcu.externaltools.gnu-tools-for-stm32.12.3.rel1.win32_1.0.200.202406191623/tools/bin/../lib/gcc/arm-none-eabi/12.3.1/../../../../arm-none-eabi/lib/thumb/v7e-m+fp/hard\libc_nano.a(libc_a-putchar.o)
                0x080113e4                putchar
 .text._puts_r  0x080113f4       0xaa C:/ST/STM32CubeIDE_1.12.1/STM32CubeIDE/plugins/com.st.stm32cube.ide.mcu.externaltools.gnu-tools-for-stm32.12.3.rel1.win32_1.0.200.202406191623/tools/bin/../lib/gcc/arm-none-eabi/12.3.1/../../../../arm-none-eabi/lib/thumb/v7e-m+fp/hard\libc_nano.a(libc_a-puts.o)
                0x080113f4                _puts_r
 *fill*         0x0801149e        0x2 
 .text.puts     0x080114a0       0x10 C:/ST/STM32CubeIDE_1.12.1/STM32CubeIDE/plugins/com.st.stm32cube.ide.mcu.externaltools.gnu-tools-for-stm32.12.3.rel1.win32_1.0.200.202406191623/tools/bin/../lib/gcc/arm-none-eabi/12.3.1/../../../../arm-none-eabi/lib/thumb/v7e-m+fp/hard\libc_nano.a(libc_a-puts.o)
                0x080114a0                puts
 .text.sprintf  0x080114b0       0x40 C:/ST/STM32CubeIDE_1.12.1/STM32CubeIDE/plugins/com.st.stm32cube.ide.mcu.externaltools.gnu-tools-for-stm32.12.3.rel1.win32_1.0.200.202406191623/tools/bin/../lib/gcc/arm-none-eabi/12.3.1/../../../../arm-none-eabi/lib/thumb/v7e-m+fp/hard\libc_nano.a(libc_a-sprintf.o)
                0x080114b0                siprintf
                0x080114b0                sprintf
 .text.__sread  0x080114f0       0x22 C:/ST/STM32CubeIDE_1.12.1/STM32CubeIDE/plugins/com.st.stm32cube.ide.mcu.externaltools.gnu-tools-for-stm32.12.3.rel1.win32_1.0.200.202406191623/tools/bin/../lib/gcc/arm-none-eabi/12.3.1/../../../../arm-none-eabi/lib/thumb/v7e-m+fp/hard\libc_nano.a(libc_a-stdio.o)
                0x080114f0                __sread
 .text.__swrite
                0x08011512       0x38 C:/ST/STM32CubeIDE_1.12.1/STM32CubeIDE/plugins/com.st.stm32cube.ide.mcu.externaltools.gnu-tools-for-stm32.12.3.rel1.win32_1.0.200.202406191623/tools/bin/../lib/gcc/arm-none-eabi/12.3.1/../../../../arm-none-eabi/lib/thumb/v7e-m+fp/hard\libc_nano.a(libc_a-stdio.o)
                0x08011512                __swrite
 .text.__sseek  0x0801154a       0x24 C:/ST/STM32CubeIDE_1.12.1/STM32CubeIDE/plugins/com.st.stm32cube.ide.mcu.externaltools.gnu-tools-for-stm32.12.3.rel1.win32_1.0.200.202406191623/tools/bin/../lib/gcc/arm-none-eabi/12.3.1/../../../../arm-none-eabi/lib/thumb/v7e-m+fp/hard\libc_nano.a(libc_a-stdio.o)
                0x0801154a                __sseek
 .text.__sclose
                0x0801156e        0x8 C:/ST/STM32CubeIDE_1.12.1/STM32CubeIDE/plugins/com.st.stm32cube.ide.mcu.externaltools.gnu-tools-for-stm32.12.3.rel1.win32_1.0.200.202406191623/tools/bin/../lib/gcc/arm-none-eabi/12.3.1/../../../../arm-none-eabi/lib/thumb/v7e-m+fp/hard\libc_nano.a(libc_a-stdio.o)
                0x0801156e                __sclose
 .text.__swbuf_r
                0x08011576       0x7c C:/ST/STM32CubeIDE_1.12.1/STM32CubeIDE/plugins/com.st.stm32cube.ide.mcu.externaltools.gnu-tools-for-stm32.12.3.rel1.win32_1.0.200.202406191623/tools/bin/../lib/gcc/arm-none-eabi/12.3.1/../../../../arm-none-eabi/lib/thumb/v7e-m+fp/hard\libc_nano.a(libc_a-wbuf.o)
                0x08011576                __swbuf_r
 *fill*         0x080115f2        0x2 
 .text.__swsetup_r
                0x080115f4       0xac C:/ST/STM32CubeIDE_1.12.1/STM32CubeIDE/plugins/com.st.stm32cube.ide.mcu.externaltools.gnu-tools-for-stm32.12.3.rel1.win32_1.0.200.202406191623/tools/bin/../lib/gcc/arm-none-eabi/12.3.1/../../../../arm-none-eabi/lib/thumb/v7e-m+fp/hard\libc_nano.a(libc_a-wsetup.o)
                0x080115f4                __swsetup_r
 .text.memset   0x080116a0       0x10 C:/ST/STM32CubeIDE_1.12.1/STM32CubeIDE/plugins/com.st.stm32cube.ide.mcu.externaltools.gnu-tools-for-stm32.12.3.rel1.win32_1.0.200.202406191623/tools/bin/../lib/gcc/arm-none-eabi/12.3.1/../../../../arm-none-eabi/lib/thumb/v7e-m+fp/hard\libc_nano.a(libc_a-memset.o)
                0x080116a0                memset
 .text.strcat   0x080116b0       0x1e C:/ST/STM32CubeIDE_1.12.1/STM32CubeIDE/plugins/com.st.stm32cube.ide.mcu.externaltools.gnu-tools-for-stm32.12.3.rel1.win32_1.0.200.202406191623/tools/bin/../lib/gcc/arm-none-eabi/12.3.1/../../../../arm-none-eabi/lib/thumb/v7e-m+fp/hard\libc_nano.a(libc_a-strcat.o)
                0x080116b0                strcat
 .text.strncat  0x080116ce       0x26 C:/ST/STM32CubeIDE_1.12.1/STM32CubeIDE/plugins/com.st.stm32cube.ide.mcu.externaltools.gnu-tools-for-stm32.12.3.rel1.win32_1.0.200.202406191623/tools/bin/../lib/gcc/arm-none-eabi/12.3.1/../../../../arm-none-eabi/lib/thumb/v7e-m+fp/hard\libc_nano.a(libc_a-strncat.o)
                0x080116ce                strncat
 .text.strncmp  0x080116f4       0x24 C:/ST/STM32CubeIDE_1.12.1/STM32CubeIDE/plugins/com.st.stm32cube.ide.mcu.externaltools.gnu-tools-for-stm32.12.3.rel1.win32_1.0.200.202406191623/tools/bin/../lib/gcc/arm-none-eabi/12.3.1/../../../../arm-none-eabi/lib/thumb/v7e-m+fp/hard\libc_nano.a(libc_a-strncmp.o)
                0x080116f4                strncmp
 .text.strncpy  0x08011718       0x26 C:/ST/STM32CubeIDE_1.12.1/STM32CubeIDE/plugins/com.st.stm32cube.ide.mcu.externaltools.gnu-tools-for-stm32.12.3.rel1.win32_1.0.200.202406191623/tools/bin/../lib/gcc/arm-none-eabi/12.3.1/../../../../arm-none-eabi/lib/thumb/v7e-m+fp/hard\libc_nano.a(libc_a-strncpy.o)
                0x08011718                strncpy
 *fill*         0x0801173e        0x2 
 .text._close_r
                0x08011740       0x20 C:/ST/STM32CubeIDE_1.12.1/STM32CubeIDE/plugins/com.st.stm32cube.ide.mcu.externaltools.gnu-tools-for-stm32.12.3.rel1.win32_1.0.200.202406191623/tools/bin/../lib/gcc/arm-none-eabi/12.3.1/../../../../arm-none-eabi/lib/thumb/v7e-m+fp/hard\libc_nano.a(libc_a-closer.o)
                0x08011740                _close_r
 .text._reclaim_reent
                0x08011760       0xac C:/ST/STM32CubeIDE_1.12.1/STM32CubeIDE/plugins/com.st.stm32cube.ide.mcu.externaltools.gnu-tools-for-stm32.12.3.rel1.win32_1.0.200.202406191623/tools/bin/../lib/gcc/arm-none-eabi/12.3.1/../../../../arm-none-eabi/lib/thumb/v7e-m+fp/hard\libc_nano.a(libc_a-reent.o)
                0x08011760                _reclaim_reent
 .text._lseek_r
                0x0801180c       0x24 C:/ST/STM32CubeIDE_1.12.1/STM32CubeIDE/plugins/com.st.stm32cube.ide.mcu.externaltools.gnu-tools-for-stm32.12.3.rel1.win32_1.0.200.202406191623/tools/bin/../lib/gcc/arm-none-eabi/12.3.1/../../../../arm-none-eabi/lib/thumb/v7e-m+fp/hard\libc_nano.a(libc_a-lseekr.o)
                0x0801180c                _lseek_r
 .text._read_r  0x08011830       0x24 C:/ST/STM32CubeIDE_1.12.1/STM32CubeIDE/plugins/com.st.stm32cube.ide.mcu.externaltools.gnu-tools-for-stm32.12.3.rel1.win32_1.0.200.202406191623/tools/bin/../lib/gcc/arm-none-eabi/12.3.1/../../../../arm-none-eabi/lib/thumb/v7e-m+fp/hard\libc_nano.a(libc_a-readr.o)
                0x08011830                _read_r
 .text._write_r
                0x08011854       0x24 C:/ST/STM32CubeIDE_1.12.1/STM32CubeIDE/plugins/com.st.stm32cube.ide.mcu.externaltools.gnu-tools-for-stm32.12.3.rel1.win32_1.0.200.202406191623/tools/bin/../lib/gcc/arm-none-eabi/12.3.1/../../../../arm-none-eabi/lib/thumb/v7e-m+fp/hard\libc_nano.a(libc_a-writer.o)
                0x08011854                _write_r
 .text.__errno  0x08011878        0xc C:/ST/STM32CubeIDE_1.12.1/STM32CubeIDE/plugins/com.st.stm32cube.ide.mcu.externaltools.gnu-tools-for-stm32.12.3.rel1.win32_1.0.200.202406191623/tools/bin/../lib/gcc/arm-none-eabi/12.3.1/../../../../arm-none-eabi/lib/thumb/v7e-m+fp/hard\libc_nano.a(libc_a-errno.o)
                0x08011878                __errno
 .text.__libc_init_array
                0x08011884       0x48 C:/ST/STM32CubeIDE_1.12.1/STM32CubeIDE/plugins/com.st.stm32cube.ide.mcu.externaltools.gnu-tools-for-stm32.12.3.rel1.win32_1.0.200.202406191623/tools/bin/../lib/gcc/arm-none-eabi/12.3.1/../../../../arm-none-eabi/lib/thumb/v7e-m+fp/hard\libc_nano.a(libc_a-init.o)
                0x08011884                __libc_init_array
 .text.__retarget_lock_init_recursive
                0x080118cc        0x2 C:/ST/STM32CubeIDE_1.12.1/STM32CubeIDE/plugins/com.st.stm32cube.ide.mcu.externaltools.gnu-tools-for-stm32.12.3.rel1.win32_1.0.200.202406191623/tools/bin/../lib/gcc/arm-none-eabi/12.3.1/../../../../arm-none-eabi/lib/thumb/v7e-m+fp/hard\libc_nano.a(libc_a-lock.o)
                0x080118cc                __retarget_lock_init_recursive
 .text.__retarget_lock_acquire_recursive
                0x080118ce        0x2 C:/ST/STM32CubeIDE_1.12.1/STM32CubeIDE/plugins/com.st.stm32cube.ide.mcu.externaltools.gnu-tools-for-stm32.12.3.rel1.win32_1.0.200.202406191623/tools/bin/../lib/gcc/arm-none-eabi/12.3.1/../../../../arm-none-eabi/lib/thumb/v7e-m+fp/hard\libc_nano.a(libc_a-lock.o)
                0x080118ce                __retarget_lock_acquire_recursive
 .text.__retarget_lock_release_recursive
                0x080118d0        0x2 C:/ST/STM32CubeIDE_1.12.1/STM32CubeIDE/plugins/com.st.stm32cube.ide.mcu.externaltools.gnu-tools-for-stm32.12.3.rel1.win32_1.0.200.202406191623/tools/bin/../lib/gcc/arm-none-eabi/12.3.1/../../../../arm-none-eabi/lib/thumb/v7e-m+fp/hard\libc_nano.a(libc_a-lock.o)
                0x080118d0                __retarget_lock_release_recursive
 .text.strcpy   0x080118d2       0x10 C:/ST/STM32CubeIDE_1.12.1/STM32CubeIDE/plugins/com.st.stm32cube.ide.mcu.externaltools.gnu-tools-for-stm32.12.3.rel1.win32_1.0.200.202406191623/tools/bin/../lib/gcc/arm-none-eabi/12.3.1/../../../../arm-none-eabi/lib/thumb/v7e-m+fp/hard\libc_nano.a(libc_a-strcpy.o)
                0x080118d2                strcpy
 .text.memcpy   0x080118e2       0x1c C:/ST/STM32CubeIDE_1.12.1/STM32CubeIDE/plugins/com.st.stm32cube.ide.mcu.externaltools.gnu-tools-for-stm32.12.3.rel1.win32_1.0.200.202406191623/tools/bin/../lib/gcc/arm-none-eabi/12.3.1/../../../../arm-none-eabi/lib/thumb/v7e-m+fp/hard\libc_nano.a(libc_a-memcpy-stub.o)
                0x080118e2                memcpy
 *fill*         0x080118fe        0x2 
 .text._free_r  0x08011900       0x94 C:/ST/STM32CubeIDE_1.12.1/STM32CubeIDE/plugins/com.st.stm32cube.ide.mcu.externaltools.gnu-tools-for-stm32.12.3.rel1.win32_1.0.200.202406191623/tools/bin/../lib/gcc/arm-none-eabi/12.3.1/../../../../arm-none-eabi/lib/thumb/v7e-m+fp/hard\libc_nano.a(libc_a-freer.o)
                0x08011900                _free_r
 .text.sbrk_aligned
                0x08011994       0x44 C:/ST/STM32CubeIDE_1.12.1/STM32CubeIDE/plugins/com.st.stm32cube.ide.mcu.externaltools.gnu-tools-for-stm32.12.3.rel1.win32_1.0.200.202406191623/tools/bin/../lib/gcc/arm-none-eabi/12.3.1/../../../../arm-none-eabi/lib/thumb/v7e-m+fp/hard\libc_nano.a(libc_a-mallocr.o)
 .text._malloc_r
                0x080119d8      0x100 C:/ST/STM32CubeIDE_1.12.1/STM32CubeIDE/plugins/com.st.stm32cube.ide.mcu.externaltools.gnu-tools-for-stm32.12.3.rel1.win32_1.0.200.202406191623/tools/bin/../lib/gcc/arm-none-eabi/12.3.1/../../../../arm-none-eabi/lib/thumb/v7e-m+fp/hard\libc_nano.a(libc_a-mallocr.o)
                0x080119d8                _malloc_r
 .text.__malloc_lock
                0x08011ad8        0xc C:/ST/STM32CubeIDE_1.12.1/STM32CubeIDE/plugins/com.st.stm32cube.ide.mcu.externaltools.gnu-tools-for-stm32.12.3.rel1.win32_1.0.200.202406191623/tools/bin/../lib/gcc/arm-none-eabi/12.3.1/../../../../arm-none-eabi/lib/thumb/v7e-m+fp/hard\libc_nano.a(libc_a-mlock.o)
                0x08011ad8                __malloc_lock
 .text.__malloc_unlock
                0x08011ae4        0xc C:/ST/STM32CubeIDE_1.12.1/STM32CubeIDE/plugins/com.st.stm32cube.ide.mcu.externaltools.gnu-tools-for-stm32.12.3.rel1.win32_1.0.200.202406191623/tools/bin/../lib/gcc/arm-none-eabi/12.3.1/../../../../arm-none-eabi/lib/thumb/v7e-m+fp/hard\libc_nano.a(libc_a-mlock.o)
                0x08011ae4                __malloc_unlock
 .text.__ssputs_r
                0x08011af0       0xb6 C:/ST/STM32CubeIDE_1.12.1/STM32CubeIDE/plugins/com.st.stm32cube.ide.mcu.externaltools.gnu-tools-for-stm32.12.3.rel1.win32_1.0.200.202406191623/tools/bin/../lib/gcc/arm-none-eabi/12.3.1/../../../../arm-none-eabi/lib/thumb/v7e-m+fp/hard\libc_nano.a(libc_a-nano-svfprintf.o)
                0x08011af0                __ssputs_r
 *fill*         0x08011ba6        0x2 
 .text._svfprintf_r
                0x08011ba8      0x1f8 C:/ST/STM32CubeIDE_1.12.1/STM32CubeIDE/plugins/com.st.stm32cube.ide.mcu.externaltools.gnu-tools-for-stm32.12.3.rel1.win32_1.0.200.202406191623/tools/bin/../lib/gcc/arm-none-eabi/12.3.1/../../../../arm-none-eabi/lib/thumb/v7e-m+fp/hard\libc_nano.a(libc_a-nano-svfprintf.o)
                0x08011ba8                _svfiprintf_r
                0x08011ba8                _svfprintf_r
 .text.__sfputc_r
                0x08011da0       0x2e C:/ST/STM32CubeIDE_1.12.1/STM32CubeIDE/plugins/com.st.stm32cube.ide.mcu.externaltools.gnu-tools-for-stm32.12.3.rel1.win32_1.0.200.202406191623/tools/bin/../lib/gcc/arm-none-eabi/12.3.1/../../../../arm-none-eabi/lib/thumb/v7e-m+fp/hard\libc_nano.a(libc_a-nano-vfprintf.o)
 .text.__sfputs_r
                0x08011dce       0x24 C:/ST/STM32CubeIDE_1.12.1/STM32CubeIDE/plugins/com.st.stm32cube.ide.mcu.externaltools.gnu-tools-for-stm32.12.3.rel1.win32_1.0.200.202406191623/tools/bin/../lib/gcc/arm-none-eabi/12.3.1/../../../../arm-none-eabi/lib/thumb/v7e-m+fp/hard\libc_nano.a(libc_a-nano-vfprintf.o)
                0x08011dce                __sfputs_r
 *fill*         0x08011df2        0x2 
 .text._vfprintf_r
                0x08011df4      0x230 C:/ST/STM32CubeIDE_1.12.1/STM32CubeIDE/plugins/com.st.stm32cube.ide.mcu.externaltools.gnu-tools-for-stm32.12.3.rel1.win32_1.0.200.202406191623/tools/bin/../lib/gcc/arm-none-eabi/12.3.1/../../../../arm-none-eabi/lib/thumb/v7e-m+fp/hard\libc_nano.a(libc_a-nano-vfprintf.o)
                0x08011df4                _vfprintf_r