../Core/Src/stm32l4xx_it.c:76:6:NMI_Handler	4	static
../Core/Src/stm32l4xx_it.c:91:6:HardFault_Handler	16	static
../Core/Src/stm32l4xx_it.c:107:6:MemManage_Handler	4	static
../Core/Src/stm32l4xx_it.c:122:6:BusFault_Handler	4	static
../Core/Src/stm32l4xx_it.c:137:6:UsageFault_Handler	4	static
../Core/Src/stm32l4xx_it.c:152:6:DebugMon_Handler	4	static
../Core/Src/stm32l4xx_it.c:172:6:DMA1_Channel1_IRQHandler	8	static
../Core/Src/stm32l4xx_it.c:186:6:DMA1_Channel4_IRQHandler	8	static
../Core/Src/stm32l4xx_it.c:200:6:DMA1_Channel5_IRQHandler	8	static
../Core/Src/stm32l4xx_it.c:214:6:TIM4_IRQHandler	8	static
../Core/Src/stm32l4xx_it.c:228:6:USART2_IRQHandler	8	static
../Core/Src/stm32l4xx_it.c:242:6:TIM5_IRQHandler	8	static
../Core/Src/stm32l4xx_it.c:256:6:TIM7_IRQHandler	8	static
../Core/Src/stm32l4xx_it.c:270:6:DMA2_Channel3_IRQHandler	8	static
